// Jest Snapshot v1, https://goo.gl/fbAQLP

exports[`CardContainer should match snapshot with all html elements rendered with correct data 1`] = `
<div
  className="card-container"
>
  <Component
    className="card card-active"
    handleCompareSelections={[Function]}
    key="0.49987345181639364"
    location="COLORADO"
    stats={
      Object {
        "2004": 0.24,
        "2005": 0.278,
        "2006": 0.337,
        "2007": 0.395,
        "2008": 0.536,
        "2009": 0.598,
        "2010": 0.64,
        "2011": 0.672,
        "2012": 0.695,
        "2013": 0.703,
        "2014": 0.741,
      }
    }
  />
  <Component
    className="card"
    handleCompareSelections={[Function]}
    key="0.980605812429167"
    location="ACADEMY 20"
    stats={
      Object {
        "2004": 0.302,
        "2005": 0.267,
        "2006": 0.354,
        "2007": 0.392,
        "2008": 0.385,
        "2009": 0.39,
        "2010": 0.436,
        "2011": 0.489,
        "2012": 0.479,
        "2013": 0.488,
        "2014": 0.49,
      }
    }
  />
  <Component
    className="card card-active"
    handleCompareSelections={[Function]}
    key="0.335097569777707"
    location="ADAMS COUNTY 14"
    stats={
      Object {
        "2004": 0.228,
        "2005": 0.3,
        "2006": 0.293,
        "2007": 0.306,
        "2008": 0.673,
        "2009": 1,
        "2010": 1,
        "2011": 1,
        "2012": 1,
        "2013": 0.998,
        "2014": 1,
      }
    }
  />
  <Component
    className="card"
    handleCompareSelections={[Function]}
    key="0.4192457307514199"
    location="ADAMS-ARAPAHOE 28J"
    stats={
      Object {
        "2004": 0.174,
        "2005": 0.202,
        "2006": 0.37,
        "2007": 0.474,
        "2008": 0.48,
        "2009": 0.73,
        "2010": 0.922,
        "2011": 0.95,
        "2012": 0.974,
        "2013": 0.977,
        "2014": 0.971,
      }
    }
  />
  <Component
    className="card"
    handleCompareSelections={[Function]}
    key="0.12427794660631375"
    location="AGATE 300"
    stats={
      Object {
        "2004": 1,
        "2005": 1,
        "2006": 0,
        "2007": 1,
        "2008": 1,
        "2009": 1,
        "2010": 1,
        "2011": 1,
        "2012": 1,
        "2013": 1,
        "2014": 1,
      }
    }
  />
  <Component
    className="card"
    handleCompareSelections={[Function]}
    key="0.9414350702180969"
    location="AGUILAR REORGANIZED 6"
    stats={
      Object {
        "2004": 1,
        "2005": 1,
        "2006": 1,
        "2007": 1,
        "2008": 1,
        "2009": 1,
        "2010": 1,
        "2011": 1,
        "2012": 1,
        "2013": 1,
        "2014": 1,
      }
    }
  />
  <Component
    className="card"
    handleCompareSelections={[Function]}
    key="0.5754462321607121"
    location="AKRON R-1"
    stats={
      Object {
        "2004": 0,
        "2005": 0,
        "2006": 0,
        "2007": 0,
        "2008": 0.844,
        "2009": 0.96,
        "2010": 1,
        "2011": 1,
        "2012": 1,
        "2013": 1,
        "2014": 1,
      }
    }
  />
  <Component
    className="card"
    handleCompareSelections={[Function]}
    key="0.20612018541259203"
    location="ALAMOSA RE-11J"
    stats={
      Object {
        "2004": 0,
        "2005": 0.208,
        "2006": 0.083,
        "2007": 0.66,
        "2008": 0.994,
        "2009": 1,
        "2010": 1,
        "2011": 1,
        "2012": 1,
        "2013": 1,
        "2014": 1,
      }
    }
  />
  <Component
    className="card"
    handleCompareSelections={[Function]}
    key="0.9664552294863389"
    location="ARCHULETA COUNTY 50 JT"
    stats={
      Object {
        "2004": 0,
        "2005": 0,
        "2006": 0.53,
        "2007": 0.542,
        "2008": 0.563,
        "2009": 0.61,
        "2010": 0.602,
        "2011": 0.571,
        "2012": 0.918,
        "2013": 0.918,
        "2014": 0.929,
      }
    }
  />
  <Component
    className="card"
    handleCompareSelections={[Function]}
    key="0.3087151556271581"
    location="ARICKAREE R-2"
    stats={
      Object {
        "2004": 1,
        "2005": 0,
        "2006": 0.125,
        "2007": 0,
        "2008": 1,
        "2009": 1,
        "2010": 1,
        "2011": 1,
        "2012": 1,
        "2013": 1,
        "2014": 1,
      }
    }
  />
  <Component
    className="card"
    handleCompareSelections={[Function]}
    key="0.6905351159674482"
    location="ARRIBA-FLAGLER C-20"
    stats={
      Object {
        "2004": 0.455,
        "2005": 0.625,
        "2006": 0.385,
        "2007": 0.25,
        "2008": 0,
        "2009": 1,
        "2010": 1,
        "2011": 1,
        "2012": 1,
        "2013": 1,
        "2014": 1,
      }
    }
  />
  <Component
    className="card"
    handleCompareSelections={[Function]}
    key="0.3635957282355482"
    location="ASPEN 1"
    stats={
      Object {
        "2004": 1,
        "2005": 1,
        "2006": 1,
        "2007": 1,
        "2008": 1,
        "2009": 1,
        "2010": 1,
        "2011": 1,
        "2012": 1,
        "2013": 1,
        "2014": 0.992,
      }
    }
  />
  <Component
    className="card"
    handleCompareSelections={[Function]}
    key="0.47298734896219785"
    location="AULT-HIGHLAND RE-9"
    stats={
      Object {
        "2004": 1,
        "2005": 1,
        "2006": 1,
        "2007": 1,
        "2008": 0.986,
        "2009": 1,
        "2010": 1,
        "2011": 1,
        "2012": 1,
        "2013": 1,
        "2014": 1,
      }
    }
  />
  <Component
    className="card"
    handleCompareSelections={[Function]}
    key="0.9489467267920577"
    location="BAYFIELD 10 JT-R"
    stats={
      Object {
        "2004": 0.318,
        "2005": 0.5,
        "2006": 0,
        "2007": 1,
        "2008": 1,
        "2009": 1,
        "2010": 1,
        "2011": 1,
        "2012": 1,
        "2013": 1,
        "2014": 1,
      }
    }
  />
  <Component
    className="card"
    handleCompareSelections={[Function]}
    key="0.05428247746042891"
    location="BENNETT 29J"
    stats={
      Object {
        "2004": 0,
        "2005": 0,
        "2006": 0,
        "2007": 1,
        "2008": 1,
        "2009": 0,
        "2010": 0,
        "2011": 0,
        "2012": 0,
        "2013": 0,
        "2014": 0,
      }
    }
  />
  <Component
    className="card"
    handleCompareSelections={[Function]}
    key="0.8354951419437164"
    location="BETHUNE R-5"
    stats={
      Object {
        "2004": 1,
        "2005": 1,
        "2006": 1,
        "2007": 1,
        "2008": 1,
        "2009": 1,
        "2010": 1,
        "2011": 1,
        "2012": 1,
        "2013": 1,
        "2014": 1,
      }
    }
  />
  <Component
    className="card"
    handleCompareSelections={[Function]}
    key="0.40016423277453983"
    location="BIG SANDY 100J"
    stats={
      Object {
        "2004": 0,
        "2005": 0,
        "2006": 0,
        "2007": 0,
        "2008": 0,
        "2009": 0,
        "2010": 0,
        "2011": 0,
        "2012": 0,
        "2013": 0,
        "2014": 0,
      }
    }
  />
  <Component
    className="card"
    handleCompareSelections={[Function]}
    key="0.24524922181643483"
    location="BOULDER VALLEY RE 2"
    stats={
      Object {
        "2004": 0.016,
        "2005": 0.033,
        "2006": 0.032,
        "2007": 0.067,
        "2008": 0.118,
        "2009": 0.1,
        "2010": 0.157,
        "2011": 0.248,
        "2012": 0.23,
        "2013": 0,
        "2014": 0.279,
      }
    }
  />
  <Component
    className="card"
    handleCompareSelections={[Function]}
    key="0.46890495959241996"
    location="BRANSON REORGANIZED 82"
    stats={
      Object {
        "2004": 1,
        "2005": 1,
        "2006": 1,
        "2007": 1,
        "2008": 1,
        "2009": 1,
        "2010": 1,
        "2011": 1,
        "2012": 1,
        "2013": 1,
        "2014": 1,
      }
    }
  />
  <Component
    className="card"
    handleCompareSelections={[Function]}
    key="0.7531216779867407"
    location="BRIGGSDALE RE-10"
    stats={
      Object {
        "2004": 0,
        "2005": 1,
        "2006": 1,
        "2007": 1,
        "2008": 1,
        "2009": 1,
        "2010": 1,
        "2011": 1,
        "2012": 1,
        "2013": 1,
        "2014": 1,
      }
    }
  />
  <Component
    className="card"
    handleCompareSelections={[Function]}
    key="0.5418280625852139"
    location="BRIGHTON 27J"
    stats={
      Object {
        "2004": 0.036,
        "2005": 0.063,
        "2006": 0.06,
        "2007": 0.238,
        "2008": 0.225,
        "2009": 0.2,
        "2010": 0.323,
        "2011": 0.345,
        "2012": 0.456,
        "2013": 0.577,
        "2014": 0.72,
      }
    }
  />
  <Component
    className="card"
    handleCompareSelections={[Function]}
    key="0.9786021364078239"
    location="BRUSH RE-2(J)"
    stats={
      Object {
        "2004": 0,
        "2005": 0,
        "2006": 0,
        "2007": 0,
        "2008": 1,
        "2009": 1,
        "2010": 1,
        "2011": 1,
        "2012": 1,
        "2013": 1,
        "2014": 1,
      }
    }
  />
  <Component
    className="card"
    handleCompareSelections={[Function]}
    key="0.5585449811735059"
    location="BUENA VISTA R-31"
    stats={
      Object {
        "2004": 0,
        "2005": 0,
        "2006": 0.283,
        "2007": 0.39,
        "2008": 0.921,
        "2009": 0.96,
        "2010": 1,
        "2011": 1,
        "2012": 1,
        "2013": 1,
        "2014": 1,
      }
    }
  />
  <Component
    className="card"
    handleCompareSelections={[Function]}
    key="0.984955009040428"
    location="BUFFALO RE-4"
    stats={
      Object {
        "2004": 1,
        "2005": 1,
        "2006": 1,
        "2007": 1,
        "2008": 1,
        "2009": 1,
        "2010": 1,
        "2011": 1,
        "2012": 1,
        "2013": 1,
        "2014": 1,
      }
    }
  />
  <Component
    className="card"
    handleCompareSelections={[Function]}
    key="0.0008220022136680161"
    location="BURLINGTON RE-6J"
    stats={
      Object {
        "2004": 0,
        "2005": 0,
        "2006": 0.254,
        "2007": 1,
        "2008": 1,
        "2009": 1,
        "2010": 1,
        "2011": 1,
        "2012": 1,
        "2013": 1,
        "2014": 1,
      }
    }
  />
  <Component
    className="card"
    handleCompareSelections={[Function]}
    key="0.43645293715255584"
    location="BYERS 32J"
    stats={
      Object {
        "2004": 1,
        "2005": 1,
        "2006": 1,
        "2007": 1,
        "2008": 1,
        "2009": 1,
        "2010": 1,
        "2011": 1,
        "2012": 1,
        "2013": 1,
        "2014": 0.34,
      }
    }
  />
  <Component
    className="card"
    handleCompareSelections={[Function]}
    key="0.17449072345926897"
    location="CALHAN RJ-1"
    stats={
      Object {
        "2004": 0.353,
        "2005": 0,
        "2006": 0.423,
        "2007": 0.981,
        "2008": 0.977,
        "2009": 1,
        "2010": 1,
        "2011": 1,
        "2012": 1,
        "2013": 1,
        "2014": 1,
      }
    }
  />
  <Component
    className="card"
    handleCompareSelections={[Function]}
    key="0.7471315892359267"
    location="CAMPO RE-6"
    stats={
      Object {
        "2004": 0,
        "2005": 0,
        "2006": 1,
        "2007": 1,
        "2008": 1,
        "2009": 1,
        "2010": 1,
        "2011": 1,
        "2012": 1,
        "2013": 1,
        "2014": 1,
      }
    }
  />
  <Component
    className="card"
    handleCompareSelections={[Function]}
    key="0.6515458164395769"
    location="CANON CITY RE-1"
    stats={
      Object {
        "2004": 0.302,
        "2005": 0.353,
        "2006": 0.119,
        "2007": 0.218,
        "2008": 0.766,
        "2009": 0.98,
        "2010": 0.993,
        "2011": 0.993,
        "2012": 1,
        "2013": 1,
        "2014": 1,
      }
    }
  />
  <Component
    className="card"
    handleCompareSelections={[Function]}
    key="0.07989731787225862"
    location="CENTENNIAL R-1"
    stats={
      Object {
        "2004": 0,
        "2005": 0.105,
        "2006": 0.045,
        "2007": 0,
        "2008": 1,
        "2009": 1,
        "2010": 1,
        "2011": 1,
        "2012": 1,
        "2013": 1,
        "2014": 1,
      }
    }
  />
  <Component
    className="card"
    handleCompareSelections={[Function]}
    key="0.7740894866634085"
    location="CENTER 26 JT"
    stats={
      Object {
        "2004": 1,
        "2005": 1,
        "2006": 1,
        "2007": 1,
        "2008": 1,
        "2009": 1,
        "2010": 1,
        "2011": 1,
        "2012": 1,
        "2013": 1,
        "2014": 1,
      }
    }
  />
  <Component
    className="card"
    handleCompareSelections={[Function]}
    key="0.8124900303948652"
    location="CHERAW 31"
    stats={
      Object {
        "2004": 1,
        "2005": 1,
        "2006": 1,
        "2007": 1,
        "2008": 1,
        "2009": 1,
        "2010": 1,
        "2011": 1,
        "2012": 1,
        "2013": 1,
        "2014": 1,
      }
    }
  />
  <Component
    className="card"
    handleCompareSelections={[Function]}
    key="0.12721018794037775"
    location="CHERRY CREEK 5"
    stats={
      Object {
        "2004": 0.392,
        "2005": 0,
        "2006": 0,
        "2007": 0,
        "2008": 0.193,
        "2009": 0.19,
        "2010": 0.197,
        "2011": 0.203,
        "2012": 0.187,
        "2013": 0,
        "2014": 0.13,
      }
    }
  />
  <Component
    className="card"
    handleCompareSelections={[Function]}
    key="0.14037284665917404"
    location="CHEYENNE COUNTY RE-5"
    stats={
      Object {
        "2004": 1,
        "2005": 1,
        "2006": 1,
        "2007": 1,
        "2008": 1,
        "2009": 1,
        "2010": 1,
        "2011": 1,
        "2012": 1,
        "2013": 0,
        "2014": 1,
      }
    }
  />
  <Component
    className="card"
    handleCompareSelections={[Function]}
    key="0.7129814285933744"
    location="CHEYENNE MOUNTAIN 12"
    stats={
      Object {
        "2004": 0,
        "2005": 0,
        "2006": 0,
        "2007": 0.072,
        "2008": 0.599,
        "2009": 0.54,
        "2010": 0.598,
        "2011": 0.705,
        "2012": 0.666,
        "2013": 0.872,
        "2014": 0.858,
      }
    }
  />
  <Component
    className="card"
    handleCompareSelections={[Function]}
    key="0.602875224240842"
    location="CLEAR CREEK RE-1"
    stats={
      Object {
        "2004": 0.147,
        "2005": 0.208,
        "2006": 0.284,
        "2007": 0.198,
        "2008": 0.758,
        "2009": 1,
        "2010": 1,
        "2011": 1,
        "2012": 1,
        "2013": 0.381,
        "2014": 1,
      }
    }
  />
  <Component
    className="card"
    handleCompareSelections={[Function]}
    key="0.15549393466812678"
    location="COLORADO SPRINGS 11"
    stats={
      Object {
        "2004": 0.069,
        "2005": 0.509,
        "2006": 0.638,
        "2007": 0.994,
        "2008": 0.992,
        "2009": 1,
        "2010": 0.993,
        "2011": 0.994,
        "2012": 0.993,
        "2013": 0.989,
        "2014": 0.994,
      }
    }
  />
  <Component
    className="card"
    handleCompareSelections={[Function]}
    key="0.020365652315993632"
    location="COTOPAXI RE-3"
    stats={
      Object {
        "2004": 0,
        "2005": 0,
        "2006": 0,
        "2007": 0,
        "2008": 1,
        "2009": 1,
        "2010": 1,
        "2011": 1,
        "2012": 1,
        "2013": 1,
        "2014": 1,
      }
    }
  />
  <Component
    className="card"
    handleCompareSelections={[Function]}
    key="0.318649138371526"
    location="CREEDE CONSOLIDATED 1"
    stats={
      Object {
        "2004": 0,
        "2005": 1,
        "2006": 0,
        "2007": 1,
        "2008": 1,
        "2009": 1,
        "2010": 1,
        "2011": 1,
        "2012": 1,
        "2013": 1,
        "2014": 1,
      }
    }
  />
  <Component
    className="card"
    handleCompareSelections={[Function]}
    key="0.5711843206384115"
    location="CRIPPLE CREEK-VICTOR RE-1"
    stats={
      Object {
        "2004": 1,
        "2005": 1,
        "2006": 1,
        "2007": 1,
        "2008": 1,
        "2009": 1,
        "2010": 1,
        "2011": 1,
        "2012": 1,
        "2013": 1,
        "2014": 1,
      }
    }
  />
  <Component
    className="card"
    handleCompareSelections={[Function]}
    key="0.1887995240498901"
    location="CROWLEY COUNTY RE-1-J"
    stats={
      Object {
        "2004": 0,
        "2005": 1,
        "2006": 1,
        "2007": 1,
        "2008": 1,
        "2009": 1,
        "2010": 1,
        "2011": 1,
        "2012": 1,
        "2013": 1,
        "2014": 1,
      }
    }
  />
  <Component
    className="card"
    handleCompareSelections={[Function]}
    key="0.9085285935549396"
    location="CUSTER COUNTY SCHOOL DISTRICT C-1"
    stats={
      Object {
        "2004": 0,
        "2005": 0,
        "2006": 0,
        "2007": 0,
        "2008": 0,
        "2009": 0,
        "2010": 0,
        "2011": 1,
        "2012": 1,
        "2013": 1,
        "2014": 1,
      }
    }
  />
  <Component
    className="card"
    handleCompareSelections={[Function]}
    key="0.995478232796984"
    location="DE BEQUE 49JT"
    stats={
      Object {
        "2004": 0,
        "2005": 0,
        "2006": 0.875,
        "2007": 0.923,
        "2008": 1,
        "2009": 1,
        "2010": 1,
        "2011": 1,
        "2012": 1,
        "2013": 1,
        "2014": 1,
      }
    }
  />
  <Component
    className="card"
    handleCompareSelections={[Function]}
    key="0.7368321822394865"
    location="DEER TRAIL 26J"
    stats={
      Object {
        "2004": 0,
        "2005": 0,
        "2006": 0,
        "2007": 1,
        "2008": 1,
        "2009": 1,
        "2010": 1,
        "2011": 1,
        "2012": 1,
        "2013": 1,
        "2014": 1,
      }
    }
  />
  <Component
    className="card"
    handleCompareSelections={[Function]}
    key="0.5731057137073632"
    location="DEL NORTE C-7"
    stats={
      Object {
        "2004": 0,
        "2005": 0,
        "2006": 1,
        "2007": 1,
        "2008": 1,
        "2009": 1,
        "2010": 0,
        "2011": 0,
        "2012": 0,
        "2013": 0,
        "2014": 1,
      }
    }
  />
  <Component
    className="card"
    handleCompareSelections={[Function]}
    key="0.9375984832701936"
    location="DELTA COUNTY 50(J)"
    stats={
      Object {
        "2004": 1,
        "2005": 0.951,
        "2006": 1,
        "2007": 1,
        "2008": 0.949,
        "2009": 0.96,
        "2010": 0.957,
        "2011": 0.908,
        "2012": 0.944,
        "2013": 0.941,
        "2014": 0.93,
      }
    }
  />
  <Component
    className="card"
    handleCompareSelections={[Function]}
    key="0.6922963315841444"
    location="DENVER COUNTY 1"
    stats={
      Object {
        "2004": 0.518,
        "2005": 0.632,
        "2006": 0.667,
        "2007": 0.722,
        "2008": 0.875,
        "2009": 0.93,
        "2010": 0.945,
        "2011": 0.948,
        "2012": 0.97,
        "2013": 0.993,
        "2014": 0.995,
      }
    }
  />
  <Component
    className="card"
    handleCompareSelections={[Function]}
    key="0.08710534033568895"
    location="DOLORES COUNTY RE NO.2"
    stats={
      Object {
        "2004": 0.929,
        "2005": 0,
        "2006": 0.84,
        "2007": 1,
        "2008": 1,
        "2009": 1,
        "2010": 1,
        "2011": 1,
        "2012": 1,
        "2013": 1,
        "2014": 1,
      }
    }
  />
  <Component
    className="card"
    handleCompareSelections={[Function]}
    key="0.808896473312394"
    location="DOLORES RE-4A"
    stats={
      Object {
        "2004": 0,
        "2005": 0,
        "2006": 0,
        "2007": 0,
        "2008": 0.682,
        "2009": 0.93,
        "2010": 0.898,
        "2011": 0.911,
        "2012": 1,
        "2013": 1,
        "2014": 1,
      }
    }
  />
  <Component
    className="card"
    handleCompareSelections={[Function]}
    key="0.806793274404445"
    location="DOUGLAS COUNTY RE 1"
    stats={
      Object {
        "2004": 0,
        "2005": 0,
        "2006": 0,
        "2007": 0,
        "2008": 0.013,
        "2009": 0.08,
        "2010": 0.257,
        "2011": 0.378,
        "2012": 0.418,
        "2013": 0.48,
        "2014": 0.508,
      }
    }
  />
  <Component
    className="card"
    handleCompareSelections={[Function]}
    key="0.21082158689668917"
    location="DURANGO 9-R"
    stats={
      Object {
        "2004": 0,
        "2005": 0,
        "2006": 0,
        "2007": 0.042,
        "2008": 1,
        "2009": 1,
        "2010": 1,
        "2011": 1,
        "2012": 1,
        "2013": 1,
        "2014": 1,
      }
    }
  />
  <Component
    className="card"
    handleCompareSelections={[Function]}
    key="0.8479552854310546"
    location="EADS RE-1"
    stats={
      Object {
        "2004": 1,
        "2005": 1,
        "2006": 1,
        "2007": 1,
        "2008": 1,
        "2009": 1,
        "2010": 1,
        "2011": 1,
        "2012": 1,
        "2013": 1,
        "2014": 1,
      }
    }
  />
  <Component
    className="card"
    handleCompareSelections={[Function]}
    key="0.0578662590901009"
    location="EAGLE COUNTY RE 50"
    stats={
      Object {
        "2004": 0.555,
        "2005": 0.932,
        "2006": 0.927,
        "2007": 0.943,
        "2008": 0.984,
        "2009": 0.96,
        "2010": 0.968,
        "2011": 0.967,
        "2012": 0.98,
        "2013": 0.958,
        "2014": 0.992,
      }
    }
  />
  <Component
    className="card"
    handleCompareSelections={[Function]}
    key="0.6137159582006539"
    location="EAST GRAND 2"
    stats={
      Object {
        "2004": 1,
        "2005": 1,
        "2006": 1,
        "2007": 1,
        "2008": 1,
        "2009": 1,
        "2010": 1,
        "2011": 1,
        "2012": 1,
        "2013": 1,
        "2014": 1,
      }
    }
  />
  <Component
    className="card"
    handleCompareSelections={[Function]}
    key="0.61817682332472"
    location="EAST OTERO R-1"
    stats={
      Object {
        "2004": 0,
        "2005": 0,
        "2006": 0,
        "2007": 0,
        "2008": 1,
        "2009": 1,
        "2010": 1,
        "2011": 1,
        "2012": 1,
        "2013": 1,
        "2014": 1,
      }
    }
  />
  <Component
    className="card"
    handleCompareSelections={[Function]}
    key="0.7272364433650165"
    location="EAST YUMA COUNTY RJ-2"
    stats={
      Object {
        "2004": 0,
        "2005": 0,
        "2006": 0,
        "2007": 0,
        "2008": 0,
        "2009": 0,
        "2010": 0,
        "2011": 0,
        "2012": 0,
        "2013": 0,
        "2014": 0,
      }
    }
  />
  <Component
    className="card"
    handleCompareSelections={[Function]}
    key="0.9079148486804154"
    location="EATON RE-2"
    stats={
      Object {
        "2004": 0,
        "2005": 0,
        "2006": 0,
        "2007": 0.169,
        "2008": 1,
        "2009": 1,
        "2010": 1,
        "2011": 1,
        "2012": 1,
        "2013": 1,
        "2014": 1,
      }
    }
  />
  <Component
    className="card"
    handleCompareSelections={[Function]}
    key="0.35297425357993983"
    location="EDISON 54 JT"
    stats={
      Object {
        "2004": 0.4,
        "2005": 1,
        "2006": 1,
        "2007": 1,
        "2008": 1,
        "2009": 1,
        "2010": 0,
        "2011": 1,
        "2012": 1,
        "2013": 1,
        "2014": 1,
      }
    }
  />
  <Component
    className="card"
    handleCompareSelections={[Function]}
    key="0.04838163641302384"
    location="ELBERT 200"
    stats={
      Object {
        "2004": 0,
        "2005": 0,
        "2006": 0,
        "2007": 0,
        "2008": 1,
        "2009": 1,
        "2010": 1,
        "2011": 1,
        "2012": 1,
        "2013": 1,
        "2014": 1,
      }
    }
  />
  <Component
    className="card"
    handleCompareSelections={[Function]}
    key="0.5055046260302363"
    location="ELIZABETH C-1"
    stats={
      Object {
        "2004": 0,
        "2005": 0,
        "2006": 0,
        "2007": 0,
        "2008": 0,
        "2009": 0.01,
        "2010": 0.689,
        "2011": 1,
        "2012": 1,
        "2013": 1,
        "2014": 1,
      }
    }
  />
  <Component
    className="card"
    handleCompareSelections={[Function]}
    key="0.19435457874565354"
    location="ELLICOTT 22"
    stats={
      Object {
        "2004": 1,
        "2005": 1,
        "2006": 1,
        "2007": 1,
        "2008": 1,
        "2009": 1,
        "2010": 1,
        "2011": 1,
        "2012": 1,
        "2013": 1,
        "2014": 1,
      }
    }
  />
  <Component
    className="card"
    handleCompareSelections={[Function]}
    key="0.3937540313579191"
    location="ENGLEWOOD 1"
    stats={
      Object {
        "2004": 0.598,
        "2005": 0.642,
        "2006": 0.771,
        "2007": 0.726,
        "2008": 1,
        "2009": 1,
        "2010": 1,
        "2011": 1,
        "2012": 1,
        "2013": 1,
        "2014": 1,
      }
    }
  />
  <Component
    className="card"
    handleCompareSelections={[Function]}
    key="0.4784558136461792"
    location="FALCON 49"
    stats={
      Object {
        "2004": 0,
        "2005": 0,
        "2006": 0.083,
        "2007": 0.09,
        "2008": 0.484,
        "2009": 0.49,
        "2010": 0.497,
        "2011": 0.525,
        "2012": 0.829,
        "2013": 0.852,
        "2014": 0.871,
      }
    }
  />
  <Component
    className="card"
    handleCompareSelections={[Function]}
    key="0.7515882754206491"
    location="FLORENCE RE-2"
    stats={
      Object {
        "2004": 0,
        "2005": 0,
        "2006": 0,
        "2007": 0.143,
        "2008": 1,
        "2009": 1,
        "2010": 1,
        "2011": 1,
        "2012": 1,
        "2013": 1,
        "2014": 1,
      }
    }
  />
  <Component
    className="card"
    handleCompareSelections={[Function]}
    key="0.3528257482675179"
    location="FORT MORGAN RE-3"
    stats={
      Object {
        "2004": 0,
        "2005": 0,
        "2006": 0.562,
        "2007": 1,
        "2008": 1,
        "2009": 1,
        "2010": 1,
        "2011": 1,
        "2012": 1,
        "2013": 1,
        "2014": 1,
      }
    }
  />
  <Component
    className="card"
    handleCompareSelections={[Function]}
    key="0.09212440562444013"
    location="FOUNTAIN 8"
    stats={
      Object {
        "2004": 0,
        "2005": 0,
        "2006": 0.394,
        "2007": 0.384,
        "2008": 0.445,
        "2009": 0.59,
        "2010": 0.619,
        "2011": 0.654,
        "2012": 0.662,
        "2013": 1,
        "2014": 1,
      }
    }
  />
  <Component
    className="card"
    handleCompareSelections={[Function]}
    key="0.3379985774610219"
    location="FOWLER R-4J"
    stats={
      Object {
        "2004": 1,
        "2005": 1,
        "2006": 1,
        "2007": 1,
        "2008": 1,
        "2009": 1,
        "2010": 1,
        "2011": 1,
        "2012": 1,
        "2013": 1,
        "2014": 1,
      }
    }
  />
  <Component
    className="card"
    handleCompareSelections={[Function]}
    key="0.2770287934659432"
    location="FRENCHMAN RE-3"
    stats={
      Object {
        "2004": 1,
        "2005": 1,
        "2006": 1,
        "2007": 1,
        "2008": 1,
        "2009": 1,
        "2010": 1,
        "2011": 1,
        "2012": 1,
        "2013": 1,
        "2014": 1,
      }
    }
  />
  <Component
    className="card"
    handleCompareSelections={[Function]}
    key="0.34304310282352146"
    location="GARFIELD 16"
    stats={
      Object {
        "2004": 0,
        "2005": 0,
        "2006": 0,
        "2007": 0,
        "2008": 0.148,
        "2009": 0.45,
        "2010": 0.512,
        "2011": 0.577,
        "2012": 0.773,
        "2013": 0.838,
        "2014": 1,
      }
    }
  />
  <Component
    className="card"
    handleCompareSelections={[Function]}
    key="0.8943646633350697"
    location="GARFIELD RE-2"
    stats={
      Object {
        "2004": 0,
        "2005": 0,
        "2006": 0,
        "2007": 0,
        "2008": 0.549,
        "2009": 0.55,
        "2010": 0.635,
        "2011": 0.627,
        "2012": 0.62,
        "2013": 0.64,
        "2014": 0.63,
      }
    }
  />
  <Component
    className="card"
    handleCompareSelections={[Function]}
    key="0.6021518670090016"
    location="GENOA-HUGO C113"
    stats={
      Object {
        "2004": 0,
        "2005": 0,
        "2006": 0,
        "2007": 0,
        "2008": 1,
        "2009": 1,
        "2010": 1,
        "2011": 1,
        "2012": 1,
        "2013": 1,
        "2014": 1,
      }
    }
  />
  <Component
    className="card"
    handleCompareSelections={[Function]}
    key="0.19837933278496966"
    location="GILPIN COUNTY RE-1"
    stats={
      Object {
        "2004": 0.2,
        "2005": 0.138,
        "2006": 0.167,
        "2007": 0.724,
        "2008": 0.586,
        "2009": 0.87,
        "2010": 0.633,
        "2011": 0.795,
        "2012": 0.719,
        "2013": 0.816,
        "2014": 0.9,
      }
    }
  />
  <Component
    className="card"
    handleCompareSelections={[Function]}
    key="0.3007522456354528"
    location="GRANADA RE-1"
    stats={
      Object {
        "2004": 1,
        "2005": 1,
        "2006": 1,
        "2007": 1,
        "2008": 1,
        "2009": 1,
        "2010": 1,
        "2011": 1,
        "2012": 1,
        "2013": 1,
        "2014": 1,
      }
    }
  />
  <Component
    className="card"
    handleCompareSelections={[Function]}
    key="0.6815452041533991"
    location="GREELEY 6"
    stats={
      Object {
        "2004": 0,
        "2005": 0.042,
        "2006": 0.51,
        "2007": 0.059,
        "2008": 0.566,
        "2009": 0.55,
        "2010": 0.562,
        "2011": 0.531,
        "2012": 0.513,
        "2013": 0.533,
        "2014": 0.569,
      }
    }
  />
  <Component
    className="card"
    handleCompareSelections={[Function]}
    key="0.36906909559596124"
    location="GUNNISON WATERSHED RE1J"
    stats={
      Object {
        "2004": 0.144,
        "2005": 0.15,
        "2006": 0.135,
        "2007": 0.129,
        "2008": 0.634,
        "2009": 0.68,
        "2010": 0.662,
        "2011": 0.626,
        "2012": 0.708,
        "2013": 0,
        "2014": 0.821,
      }
    }
  />
  <Component
    className="card"
    handleCompareSelections={[Function]}
    key="0.8434669124567291"
    location="HANOVER 28"
    stats={
      Object {
        "2004": 0,
        "2005": 0,
        "2006": 1,
        "2007": 1,
        "2008": 1,
        "2009": 1,
        "2010": 1,
        "2011": 1,
        "2012": 1,
        "2013": 1,
        "2014": 1,
      }
    }
  />
  <Component
    className="card"
    handleCompareSelections={[Function]}
    key="0.6329151738212946"
    location="HARRISON 2"
    stats={
      Object {
        "2004": 0.065,
        "2005": 0.127,
        "2006": 0.131,
        "2007": 0.136,
        "2008": 0.944,
        "2009": 0.95,
        "2010": 0.963,
        "2011": 0.958,
        "2012": 0.966,
        "2013": 0.966,
        "2014": 0.969,
      }
    }
  />
  <Component
    className="card"
    handleCompareSelections={[Function]}
    key="0.7767001362946246"
    location="HAXTUN RE-2J"
    stats={
      Object {
        "2004": 0,
        "2005": 0,
        "2006": 0,
        "2007": 1,
        "2008": 1,
        "2009": 1,
        "2010": 1,
        "2011": 1,
        "2012": 1,
        "2013": 1,
        "2014": 1,
      }
    }
  />
  <Component
    className="card"
    handleCompareSelections={[Function]}
    key="0.02735708888938526"
    location="HAYDEN RE-1"
    stats={
      Object {
        "2004": 0,
        "2005": 0,
        "2006": 1,
        "2007": 0.966,
        "2008": 1,
        "2009": 1,
        "2010": 1,
        "2011": 1,
        "2012": 1,
        "2013": 1,
        "2014": 1,
      }
    }
  />
  <Component
    className="card"
    handleCompareSelections={[Function]}
    key="0.8245342473947428"
    location="HINSDALE COUNTY RE 1"
    stats={
      Object {
        "2004": 0,
        "2005": 0,
        "2006": 0,
        "2007": 0,
        "2008": 0,
        "2009": 1,
        "2010": 1,
        "2011": 1,
        "2012": 1,
        "2013": 1,
        "2014": 1,
      }
    }
  />
  <Component
    className="card"
    handleCompareSelections={[Function]}
    key="0.026636329149812843"
    location="HI-PLAINS R-23"
    stats={
      Object {
        "2004": 0,
        "2005": 0,
        "2006": 0,
        "2007": 0,
        "2008": 1,
        "2009": 1,
        "2010": 1,
        "2011": 0,
        "2012": 0,
        "2013": 1,
        "2014": 1,
      }
    }
  />
  <Component
    className="card"
    handleCompareSelections={[Function]}
    key="0.8026706430592903"
    location="HOEHNE REORGANIZED 3"
    stats={
      Object {
        "2004": 0,
        "2005": 0,
        "2006": 0,
        "2007": 0,
        "2008": 0,
        "2009": 1,
        "2010": 1,
        "2011": 1,
        "2012": 1,
        "2013": 1,
        "2014": 1,
      }
    }
  />
  <Component
    className="card"
    handleCompareSelections={[Function]}
    key="0.6987265565657164"
    location="HOLLY RE-3"
    stats={
      Object {
        "2004": 1,
        "2005": 1,
        "2006": 1,
        "2007": 1,
        "2008": 1,
        "2009": 1,
        "2010": 1,
        "2011": 1,
        "2012": 1,
        "2013": 1,
        "2014": 1,
      }
    }
  />
  <Component
    className="card"
    handleCompareSelections={[Function]}
    key="0.89545047222565"
    location="HOLYOKE RE-1J"
    stats={
      Object {
        "2004": 0,
        "2005": 0,
        "2006": 0.947,
        "2007": 1,
        "2008": 1,
        "2009": 1,
        "2010": 1,
        "2011": 1,
        "2012": 1,
        "2013": 1,
        "2014": 1,
      }
    }
  />
  <Component
    className="card"
    handleCompareSelections={[Function]}
    key="0.5908387172400107"
    location="HUERFANO RE-1"
    stats={
      Object {
        "2004": 0,
        "2005": 0,
        "2006": 0,
        "2007": 0,
        "2008": 0,
        "2009": 0.91,
        "2010": 1,
        "2011": 0.821,
        "2012": 0.794,
        "2013": 1,
        "2014": 1,
      }
    }
  />
  <Component
    className="card"
    handleCompareSelections={[Function]}
    key="0.6556231925974558"
    location="IDALIA SCHOOL DISTRICT RJ-3"
    stats={
      Object {
        "2004": 0,
        "2005": 0,
        "2006": 1,
        "2007": 1,
        "2008": 1,
        "2009": 1,
        "2010": 1,
        "2011": 1,
        "2012": 1,
        "2013": 0,
        "2014": 1,
      }
    }
  />
  <Component
    className="card"
    handleCompareSelections={[Function]}
    key="0.33500364618454537"
    location="IGNACIO 11 JT"
    stats={
      Object {
        "2004": 1,
        "2005": 1,
        "2006": 1,
        "2007": 0.982,
        "2008": 1,
        "2009": 1,
        "2010": 1,
        "2011": 1,
        "2012": 1,
        "2013": 0.983,
        "2014": 1,
      }
    }
  />
  <Component
    className="card"
    handleCompareSelections={[Function]}
    key="0.5036917996383921"
    location="JEFFERSON COUNTY R-1"
    stats={
      Object {
        "2004": 0.29,
        "2005": 0.349,
        "2006": 0.397,
        "2007": 0.423,
        "2008": 0.613,
        "2009": 0.72,
        "2010": 0.717,
        "2011": 0.737,
        "2012": 0.729,
        "2013": 0.75,
        "2014": 0.76,
      }
    }
  />
  <Component
    className="card"
    handleCompareSelections={[Function]}
    key="0.9905923855322576"
    location="JOHNSTOWN-MILLIKEN RE-5J"
    stats={
      Object {
        "2004": 0,
        "2005": 0,
        "2006": 0,
        "2007": 0,
        "2008": 0,
        "2009": 0.1,
        "2010": 0.059,
        "2011": 0.07,
        "2012": 0.073,
        "2013": 0.052,
        "2014": 0.051,
      }
    }
  />
  <Component
    className="card"
    handleCompareSelections={[Function]}
    key="0.09713117902324919"
    location="JULESBURG RE-1"
    stats={
      Object {
        "2004": 0,
        "2005": 1,
        "2006": 1,
        "2007": 1,
        "2008": 1,
        "2009": 1,
        "2010": 1,
        "2011": 1,
        "2012": 1,
        "2013": 1,
        "2014": 1,
      }
    }
  />
  <Component
    className="card"
    handleCompareSelections={[Function]}
    key="0.6439013670842837"
    location="KARVAL RE-23"
    stats={
      Object {
        "2004": 1,
        "2005": 1,
        "2006": 1,
        "2007": 1,
        "2008": 1,
        "2009": 0.63,
        "2010": 0.286,
        "2011": 0.333,
        "2012": 0.75,
        "2013": 0.833,
        "2014": 1,
      }
    }
  />
  <Component
    className="card"
    handleCompareSelections={[Function]}
    key="0.6234455171844211"
    location="KEENESBURG RE-3(J)"
    stats={
      Object {
        "2004": 0.296,
        "2005": 0.343,
        "2006": 0.266,
        "2007": 0.303,
        "2008": 0.432,
        "2009": 0.3,
        "2010": 0.28,
        "2011": 0.24,
        "2012": 0.395,
        "2013": 0.558,
        "2014": 0.543,
      }
    }
  />
  <Component
    className="card"
    handleCompareSelections={[Function]}
    key="0.3744061703211412"
    location="KIM REORGANIZED 88"
    stats={
      Object {
        "2004": 1,
        "2005": 1,
        "2006": 1,
        "2007": 1,
        "2008": 1,
        "2009": 1,
        "2010": 1,
        "2011": 1,
        "2012": 1,
        "2013": 1,
        "2014": 1,
      }
    }
  />
  <Component
    className="card"
    handleCompareSelections={[Function]}
    key="0.3347465005444983"
    location="KIOWA C-2"
    stats={
      Object {
        "2004": 0,
        "2005": 0,
        "2006": 0,
        "2007": 0,
        "2008": 1,
        "2009": 1,
        "2010": 1,
        "2011": 1,
        "2012": 1,
        "2013": 1,
        "2014": 1,
      }
    }
  />
  <Component
    className="card"
    handleCompareSelections={[Function]}
    key="0.9439151118054501"
    location="KIT CARSON R-1"
    stats={
      Object {
        "2004": 0,
        "2005": 0,
        "2006": 0,
        "2007": 0.286,
        "2008": 1,
        "2009": 0,
        "2010": 0,
        "2011": 0,
        "2012": 0,
        "2013": 0,
        "2014": 0,
      }
    }
  />
  <Component
    className="card"
    handleCompareSelections={[Function]}
    key="0.004096086841775426"
    location="LA VETA RE-2"
    stats={
      Object {
        "2004": 0,
        "2005": 1,
        "2006": 0,
        "2007": 0,
        "2008": 1,
        "2009": 1,
        "2010": 1,
        "2011": 1,
        "2012": 1,
        "2013": 1,
        "2014": 1,
      }
    }
  />
  <Component
    className="card"
    handleCompareSelections={[Function]}
    key="0.018974782614706642"
    location="LAKE COUNTY R-1"
    stats={
      Object {
        "2004": 0.3,
        "2005": 0.333,
        "2006": 0.341,
        "2007": 0.286,
        "2008": 1,
        "2009": 1,
        "2010": 1,
        "2011": 1,
        "2012": 1,
        "2013": 1,
        "2014": 1,
      }
    }
  />
  <Component
    className="card"
    handleCompareSelections={[Function]}
    key="0.18121798836867153"
    location="LAMAR RE-2"
    stats={
      Object {
        "2004": 0.87,
        "2005": 1,
        "2006": 1,
        "2007": 1,
        "2008": 1,
        "2009": 1,
        "2010": 1,
        "2011": 1,
        "2012": 1,
        "2013": 1,
        "2014": 1,
      }
    }
  />
  <Component
    className="card"
    handleCompareSelections={[Function]}
    key="0.46619988410154245"
    location="LAS ANIMAS RE-1"
    stats={
      Object {
        "2004": 1,
        "2005": 1,
        "2006": 1,
        "2007": 1,
        "2008": 1,
        "2009": 1,
        "2010": 1,
        "2011": 1,
        "2012": 1,
        "2013": 1,
        "2014": 1,
      }
    }
  />
  <Component
    className="card"
    handleCompareSelections={[Function]}
    key="0.6091882647456481"
    location="LEWIS-PALMER 38"
    stats={
      Object {
        "2004": 0,
        "2005": 0,
        "2006": 0,
        "2007": 0,
        "2008": 0.479,
        "2009": 0.45,
        "2010": 0.535,
        "2011": 0.561,
        "2012": 0.477,
        "2013": 0.544,
        "2014": 0.558,
      }
    }
  />
  <Component
    className="card"
    handleCompareSelections={[Function]}
    key="0.18704886009930788"
    location="LIBERTY SCHOOL DISTRICT J-4"
    stats={
      Object {
        "2004": 1,
        "2005": 1,
        "2006": 1,
        "2007": 1,
        "2008": 1,
        "2009": 1,
        "2010": 1,
        "2011": 1,
        "2012": 1,
        "2013": 1,
        "2014": 1,
      }
    }
  />
  <Component
    className="card"
    handleCompareSelections={[Function]}
    key="0.9337762643401846"
    location="LIMON RE-4J"
    stats={
      Object {
        "2004": 0,
        "2005": 0,
        "2006": 0,
        "2007": 0,
        "2008": 0,
        "2009": 1,
        "2010": 1,
        "2011": 1,
        "2012": 1,
        "2013": 0,
        "2014": 0,
      }
    }
  />
  <Component
    className="card"
    handleCompareSelections={[Function]}
    key="0.6273247145307441"
    location="LITTLETON 6"
    stats={
      Object {
        "2004": 0,
        "2005": 0,
        "2006": 0,
        "2007": 0.605,
        "2008": 0.363,
        "2009": 0.33,
        "2010": 0.327,
        "2011": 0.334,
        "2012": 0.336,
        "2013": 0.38,
        "2014": 0.383,
      }
    }
  />
  <Component
    className="card"
    handleCompareSelections={[Function]}
    key="0.16186791965582015"
    location="LONE STAR 101"
    stats={
      Object {
        "2004": 1,
        "2005": 1,
        "2006": 1,
        "2007": 1,
        "2008": 1,
        "2009": 1,
        "2010": 1,
        "2011": 1,
        "2012": 1,
        "2013": 1,
        "2014": 1,
      }
    }
  />
  <Component
    className="card"
    handleCompareSelections={[Function]}
    key="0.6225571711688629"
    location="MANCOS RE-6"
    stats={
      Object {
        "2004": 0,
        "2005": 1,
        "2006": 1,
        "2007": 1,
        "2008": 1,
        "2009": 1,
        "2010": 0.955,
        "2011": 1,
        "2012": 1,
        "2013": 1,
        "2014": 1,
      }
    }
  />
  <Component
    className="card"
    handleCompareSelections={[Function]}
    key="0.14696914854336662"
    location="MANITOU SPRINGS 14"
    stats={
      Object {
        "2004": 0.014,
        "2005": 0.296,
        "2006": 0.459,
        "2007": 1,
        "2008": 1,
        "2009": 1,
        "2010": 1,
        "2011": 1,
        "2012": 1,
        "2013": 1,
        "2014": 1,
      }
    }
  />
  <Component
    className="card"
    handleCompareSelections={[Function]}
    key="0.876756776765993"
    location="MANZANOLA 3J"
    stats={
      Object {
        "2004": 0.952,
        "2005": 0.929,
        "2006": 1,
        "2007": 1,
        "2008": 1,
        "2009": 1,
        "2010": 1,
        "2011": 1,
        "2012": 1,
        "2013": 1,
        "2014": 1,
      }
    }
  />
  <Component
    className="card"
    handleCompareSelections={[Function]}
    key="0.24625259457702664"
    location="MAPLETON 1"
    stats={
      Object {
        "2004": 0.067,
        "2005": 0.066,
        "2006": 0.064,
        "2007": 0.068,
        "2008": 0.349,
        "2009": 0.46,
        "2010": 0.596,
        "2011": 0.773,
        "2012": 0.83,
        "2013": 1,
        "2014": 1,
      }
    }
  />
  <Component
    className="card"
    handleCompareSelections={[Function]}
    key="0.7952983476267093"
    location="MC CLAVE RE-2"
    stats={
      Object {
        "2004": 0,
        "2005": 1,
        "2006": 1,
        "2007": 1,
        "2008": 1,
        "2009": 1,
        "2010": 1,
        "2011": 1,
        "2012": 1,
        "2013": 1,
        "2014": 1,
      }
    }
  />
  <Component
    className="card"
    handleCompareSelections={[Function]}
    key="0.8835379015499543"
    location="MEEKER RE1"
    stats={
      Object {
        "2004": 0,
        "2005": 0,
        "2006": 0,
        "2007": 0,
        "2008": 0,
        "2009": 0,
        "2010": 0.875,
        "2011": 0,
        "2012": 0,
        "2013": 0,
        "2014": 0,
      }
    }
  />
  <Component
    className="card"
    handleCompareSelections={[Function]}
    key="0.8385801045693821"
    location="MESA COUNTY VALLEY 51"
    stats={
      Object {
        "2004": 0.307,
        "2005": 0.305,
        "2006": 0.255,
        "2007": 0.245,
        "2008": 0.262,
        "2009": 0.18,
        "2010": 0.182,
        "2011": 0.224,
        "2012": 0.198,
        "2013": 0.179,
        "2014": 0.482,
      }
    }
  />
  <Component
    className="card"
    handleCompareSelections={[Function]}
    key="0.2961944925160567"
    location="MIAMI/YODER 60 JT"
    stats={
      Object {
        "2004": 1,
        "2005": 1,
        "2006": 1,
        "2007": 1,
        "2008": 1,
        "2009": 1,
        "2010": 1,
        "2011": 1,
        "2012": 1,
        "2013": 1,
        "2014": 1,
      }
    }
  />
  <Component
    className="card"
    handleCompareSelections={[Function]}
    key="0.641720200270224"
    location="MOFFAT 2"
    stats={
      Object {
        "2004": 0.014,
        "2005": 0.08,
        "2006": 0.081,
        "2007": 0.085,
        "2008": 0.129,
        "2009": 1,
        "2010": 1,
        "2011": 1,
        "2012": 1,
        "2013": 1,
        "2014": 1,
      }
    }
  />
  <Component
    className="card"
    handleCompareSelections={[Function]}
    key="0.5085234388336124"
    location="MOFFAT COUNTY RE:NO 1"
    stats={
      Object {
        "2004": 0,
        "2005": 0,
        "2006": 0,
        "2007": 0,
        "2008": 1,
        "2009": 0.99,
        "2010": 1,
        "2011": 0.995,
        "2012": 1,
        "2013": 1,
        "2014": 1,
      }
    }
  />
  <Component
    className="card"
    handleCompareSelections={[Function]}
    key="0.6259542973530037"
    location="MONTE VISTA C-8"
    stats={
      Object {
        "2004": 1,
        "2005": 1,
        "2006": 1,
        "2007": 1,
        "2008": 1,
        "2009": 1,
        "2010": 1,
        "2011": 1,
        "2012": 1,
        "2013": 1,
        "2014": 1,
      }
    }
  />
  <Component
    className="card"
    handleCompareSelections={[Function]}
    key="0.08163628614883556"
    location="MONTEZUMA-CORTEZ RE-1"
    stats={
      Object {
        "2004": 0,
        "2005": 0,
        "2006": 0,
        "2007": 0,
        "2008": 0.082,
        "2009": 0.11,
        "2010": 0.095,
        "2011": 0.105,
        "2012": 0.096,
        "2013": 0.106,
        "2014": 0.41,
      }
    }
  />
  <Component
    className="card"
    handleCompareSelections={[Function]}
    key="0.5705509013806542"
    location="MONTROSE COUNTY RE-1J"
    stats={
      Object {
        "2004": 0,
        "2005": 0,
        "2006": 0,
        "2007": 0.057,
        "2008": 0.182,
        "2009": 0.27,
        "2010": 0.317,
        "2011": 0.461,
        "2012": 0.525,
        "2013": 0.593,
        "2014": 0.776,
      }
    }
  />
  <Component
    className="card"
    handleCompareSelections={[Function]}
    key="0.673265927835951"
    location="MOUNTAIN VALLEY RE 1"
    stats={
      Object {
        "2004": 1,
        "2005": 1,
        "2006": 0,
        "2007": 1,
        "2008": 1,
        "2009": 1,
        "2010": 1,
        "2011": 1,
        "2012": 1,
        "2013": 1,
        "2014": 1,
      }
    }
  />
  <Component
    className="card"
    handleCompareSelections={[Function]}
    key="0.3537776771558043"
    location="NORTH CONEJOS RE-1J"
    stats={
      Object {
        "2004": 1,
        "2005": 0,
        "2006": 0,
        "2007": 0.273,
        "2008": 0,
        "2009": 1,
        "2010": 1,
        "2011": 1,
        "2012": 1,
        "2013": 1,
        "2014": 1,
      }
    }
  />
  <Component
    className="card"
    handleCompareSelections={[Function]}
    key="0.6890795206608156"
    location="NORTH PARK R-1"
    stats={
      Object {
        "2004": 1,
        "2005": 1,
        "2006": 1,
        "2007": 1,
        "2008": 0.684,
        "2009": 0.94,
        "2010": 0.857,
        "2011": 0.9,
        "2012": 0.938,
        "2013": 1,
        "2014": 1,
      }
    }
  />
  <Component
    className="card"
    handleCompareSelections={[Function]}
    key="0.21106518680528819"
    location="NORTHGLENN-THORNTON 12"
    stats={
      Object {
        "2004": 0.329,
        "2005": 0.35,
        "2006": 0.403,
        "2007": 0.398,
        "2008": 0.478,
        "2009": 0.42,
        "2010": 0.468,
        "2011": 0.507,
        "2012": 0.583,
        "2013": 0.605,
        "2014": 0.602,
      }
    }
  />
  <Component
    className="card"
    handleCompareSelections={[Function]}
    key="0.47908481734891684"
    location="NORWOOD R-2J"
    stats={
      Object {
        "2004": 0,
        "2005": 0,
        "2006": 0,
        "2007": 0,
        "2008": 0,
        "2009": 0.7,
        "2010": 0,
        "2011": 0,
        "2012": 0,
        "2013": 0,
        "2014": 1,
      }
    }
  />
  <Component
    className="card"
    handleCompareSelections={[Function]}
    key="0.4726398831745071"
    location="OTIS R-3"
    stats={
      Object {
        "2004": 1,
        "2005": 1,
        "2006": 1,
        "2007": 1,
        "2008": 1,
        "2009": 1,
        "2010": 1,
        "2011": 1,
        "2012": 1,
        "2013": 1,
        "2014": 1,
      }
    }
  />
  <Component
    className="card"
    handleCompareSelections={[Function]}
    key="0.025757897760889437"
    location="OURAY R-1"
    stats={
      Object {
        "2004": 0,
        "2005": 0,
        "2006": 0,
        "2007": 1,
        "2008": 1,
        "2009": 1,
        "2010": 1,
        "2011": 1,
        "2012": 1,
        "2013": 1,
        "2014": 1,
      }
    }
  />
  <Component
    className="card"
    handleCompareSelections={[Function]}
    key="0.15320862500575094"
    location="PARK (ESTES PARK) R-3"
    stats={
      Object {
        "2004": 0.462,
        "2005": 0,
        "2006": 0,
        "2007": 1,
        "2008": 1,
        "2009": 1,
        "2010": 1,
        "2011": 1,
        "2012": 1,
        "2013": 1,
        "2014": 0.966,
      }
    }
  />
  <Component
    className="card"
    handleCompareSelections={[Function]}
    key="0.9654864789304649"
    location="PARK COUNTY RE-2"
    stats={
      Object {
        "2004": 0.339,
        "2005": 0,
        "2006": 0,
        "2007": 0.204,
        "2008": 0.264,
        "2009": 0.36,
        "2010": 0.19,
        "2011": 0.357,
        "2012": 0.308,
        "2013": 0.438,
        "2014": 0.625,
      }
    }
  />
  <Component
    className="card"
    handleCompareSelections={[Function]}
    key="0.8774417582848633"
    location="PAWNEE RE-12"
    stats={
      Object {
        "2004": 0,
        "2005": 0,
        "2006": 1,
        "2007": 1,
        "2008": 0,
        "2009": 1,
        "2010": 1,
        "2011": 1,
        "2012": 1,
        "2013": 1,
        "2014": 1,
      }
    }
  />
  <Component
    className="card"
    handleCompareSelections={[Function]}
    key="0.8253606694483822"
    location="PEYTON 23 JT"
    stats={
      Object {
        "2004": 0,
        "2005": 0,
        "2006": 0,
        "2007": 1,
        "2008": 1,
        "2009": 1,
        "2010": 1,
        "2011": 1,
        "2012": 1,
        "2013": 1,
        "2014": 1,
      }
    }
  />
  <Component
    className="card"
    handleCompareSelections={[Function]}
    key="0.3775388553379353"
    location="PLAINVIEW RE-2"
    stats={
      Object {
        "2004": 0,
        "2005": 0,
        "2006": 1,
        "2007": 1,
        "2008": 1,
        "2009": 1,
        "2010": 1,
        "2011": 1,
        "2012": 1,
        "2013": 1,
        "2014": 1,
      }
    }
  />
  <Component
    className="card"
    handleCompareSelections={[Function]}
    key="0.8644399904520115"
    location="PLATEAU RE-5"
    stats={
      Object {
        "2004": 1,
        "2005": 0,
        "2006": 1,
        "2007": 1,
        "2008": 1,
        "2009": 1,
        "2010": 1,
        "2011": 1,
        "2012": 1,
        "2013": 1,
        "2014": 1,
      }
    }
  />
  <Component
    className="card"
    handleCompareSelections={[Function]}
    key="0.8527774940973076"
    location="PLATEAU VALLEY 50"
    stats={
      Object {
        "2004": 0,
        "2005": 0,
        "2006": 0,
        "2007": 0,
        "2008": 0,
        "2009": 1,
        "2010": 1,
        "2011": 1,
        "2012": 1,
        "2013": 1,
        "2014": 1,
      }
    }
  />
  <Component
    className="card"
    handleCompareSelections={[Function]}
    key="0.9861356025954111"
    location="PLATTE CANYON 1"
    stats={
      Object {
        "2004": 0.229,
        "2005": 0.247,
        "2006": 0.787,
        "2007": 0.423,
        "2008": 0.989,
        "2009": 1,
        "2010": 1,
        "2011": 1,
        "2012": 1,
        "2013": 1,
        "2014": 1,
      }
    }
  />
  <Component
    className="card"
    handleCompareSelections={[Function]}
    key="0.9627425905556697"
    location="PLATTE VALLEY RE-3"
    stats={
      Object {
        "2004": 0,
        "2005": 0,
        "2006": 1,
        "2007": 1,
        "2008": 1,
        "2009": 1,
        "2010": 1,
        "2011": 1,
        "2012": 1,
        "2013": 1,
        "2014": 1,
      }
    }
  />
  <Component
    className="card"
    handleCompareSelections={[Function]}
    key="0.591955469037442"
    location="PLATTE VALLEY RE-7"
    stats={
      Object {
        "2004": 0,
        "2005": 0,
        "2006": 1,
        "2007": 1,
        "2008": 1,
        "2009": 1,
        "2010": 1,
        "2011": 1,
        "2012": 1,
        "2013": 1,
        "2014": 1,
      }
    }
  />
  <Component
    className="card"
    handleCompareSelections={[Function]}
    key="0.778792596310758"
    location="POUDRE R-1"
    stats={
      Object {
        "2004": 0,
        "2005": 0.484,
        "2006": 0.474,
        "2007": 0.521,
        "2008": 0.587,
        "2009": 0.65,
        "2010": 0.661,
        "2011": 0.695,
        "2012": 0.706,
        "2013": 0.732,
        "2014": 0.762,
      }
    }
  />
  <Component
    className="card"
    handleCompareSelections={[Function]}
    key="0.16208004700538448"
    location="PRAIRIE RE-11"
    stats={
      Object {
        "2004": 1,
        "2005": 0,
        "2006": 0,
        "2007": 1,
        "2008": 1,
        "2009": 0,
        "2010": 0,
        "2011": 0,
        "2012": 0,
        "2013": 0,
        "2014": 0,
      }
    }
  />
  <Component
    className="card"
    handleCompareSelections={[Function]}
    key="0.7952495101238659"
    location="PRIMERO REORGANIZED 2"
    stats={
      Object {
        "2004": 0,
        "2005": 0,
        "2006": 0,
        "2007": 0,
        "2008": 0,
        "2009": 1,
        "2010": 1,
        "2011": 1,
        "2012": 1,
        "2013": 1,
        "2014": 1,
      }
    }
  />
  <Component
    className="card"
    handleCompareSelections={[Function]}
    key="0.565694206909741"
    location="PRITCHETT RE-3"
    stats={
      Object {
        "2004": 1,
        "2005": 1,
        "2006": 1,
        "2007": 1,
        "2008": 0,
        "2009": 1,
        "2010": 1,
        "2011": 1,
        "2012": 1,
        "2013": 1,
        "2014": 1,
      }
    }
  />
  <Component
    className="card"
    handleCompareSelections={[Function]}
    key="0.030747919889361652"
    location="PUEBLO CITY 60"
    stats={
      Object {
        "2004": 0.275,
        "2005": 0.335,
        "2006": 0.482,
        "2007": 0.621,
        "2008": 0.841,
        "2009": 0.85,
        "2010": 0.954,
        "2011": 0.961,
        "2012": 1,
        "2013": 1,
        "2014": 1,
      }
    }
  />
  <Component
    className="card"
    handleCompareSelections={[Function]}
    key="0.06112698708907183"
    location="PUEBLO COUNTY RURAL 70"
    stats={
      Object {
        "2004": 0,
        "2005": 0.063,
        "2006": 0.174,
        "2007": 0.252,
        "2008": 0.268,
        "2009": 0.4,
        "2010": 0.289,
        "2011": 0.453,
        "2012": 0.997,
        "2013": 1,
        "2014": 1,
      }
    }
  />
  <Component
    className="card"
    handleCompareSelections={[Function]}
    key="0.8644549882808303"
    location="RANGELY RE-4"
    stats={
      Object {
        "2004": 0,
        "2005": 0,
        "2006": 0,
        "2007": 0,
        "2008": 0,
        "2009": 0,
        "2010": 0,
        "2011": 0,
        "2012": 0,
        "2013": 0,
        "2014": 0,
      }
    }
  />
  <Component
    className="card"
    handleCompareSelections={[Function]}
    key="0.24596903401922665"
    location="RIDGWAY R-2"
    stats={
      Object {
        "2004": 0,
        "2005": 0,
        "2006": 1,
        "2007": 1,
        "2008": 1,
        "2009": 1,
        "2010": 0.931,
        "2011": 0.92,
        "2012": 0.824,
        "2013": 0.957,
        "2014": 0.714,
      }
    }
  />
  <Component
    className="card"
    handleCompareSelections={[Function]}
    key="0.6788126447478309"
    location="ROARING FORK RE-1"
    stats={
      Object {
        "2004": 0.672,
        "2005": 0.619,
        "2006": 0.693,
        "2007": 0.744,
        "2008": 0.77,
        "2009": 0.72,
        "2010": 0.674,
        "2011": 0.667,
        "2012": 0.697,
        "2013": 0.823,
        "2014": 0.88,
      }
    }
  />
  <Component
    className="card"
    handleCompareSelections={[Function]}
    key="0.37211166999039924"
    location="ROCKY FORD R-2"
    stats={
      Object {
        "2004": 0.172,
        "2005": 1,
        "2006": 1,
        "2007": 1,
        "2008": 1,
        "2009": 1,
        "2010": 1,
        "2011": 1,
        "2012": 1,
        "2013": 1,
        "2014": 1,
      }
    }
  />
  <Component
    className="card"
    handleCompareSelections={[Function]}
    key="0.0433412068296013"
    location="SALIDA R-32"
    stats={
      Object {
        "2004": 0.222,
        "2005": 0.246,
        "2006": 0.367,
        "2007": 0.523,
        "2008": 0.707,
        "2009": 0.6,
        "2010": 0.645,
        "2011": 0.56,
        "2012": 0.976,
        "2013": 0.968,
        "2014": 0.98,
      }
    }
  />
  <Component
    className="card"
    handleCompareSelections={[Function]}
    key="0.7658478121597334"
    location="SANFORD 6J"
    stats={
      Object {
        "2004": 1,
        "2005": 1,
        "2006": 1,
        "2007": 1,
        "2008": 1,
        "2009": 1,
        "2010": 1,
        "2011": 1,
        "2012": 1,
        "2013": 1,
        "2014": 1,
      }
    }
  />
  <Component
    className="card"
    handleCompareSelections={[Function]}
    key="0.3869094676993299"
    location="SANGRE DE CRISTO RE-22J"
    stats={
      Object {
        "2004": 1,
        "2005": 1,
        "2006": 1,
        "2007": 1,
        "2008": 1,
        "2009": 1,
        "2010": 1,
        "2011": 1,
        "2012": 1,
        "2013": 1,
        "2014": 1,
      }
    }
  />
  <Component
    className="card"
    handleCompareSelections={[Function]}
    key="0.5042323341626094"
    location="SARGENT RE-33J"
    stats={
      Object {
        "2004": 1,
        "2005": 1,
        "2006": 1,
        "2007": 1,
        "2008": 1,
        "2009": 1,
        "2010": 1,
        "2011": 1,
        "2012": 1,
        "2013": 1,
        "2014": 1,
      }
    }
  />
  <Component
    className="card"
    handleCompareSelections={[Function]}
    key="0.373461812971839"
    location="SHERIDAN 2"
    stats={
      Object {
        "2004": 1,
        "2005": 1,
        "2006": 1,
        "2007": 1,
        "2008": 1,
        "2009": 1,
        "2010": 1,
        "2011": 1,
        "2012": 1,
        "2013": 1,
        "2014": 1,
      }
    }
  />
  <Component
    className="card"
    handleCompareSelections={[Function]}
    key="0.5126226951068429"
    location="SIERRA GRANDE R-30"
    stats={
      Object {
        "2004": 1,
        "2005": 1,
        "2006": 1,
        "2007": 1,
        "2008": 1,
        "2009": 1,
        "2010": 1,
        "2011": 1,
        "2012": 1,
        "2013": 1,
        "2014": 1,
      }
    }
  />
  <Component
    className="card"
    handleCompareSelections={[Function]}
    key="0.9835433175910315"
    location="SILVERTON 1"
    stats={
      Object {
        "2004": 0,
        "2005": 0,
        "2006": 0,
        "2007": 0,
        "2008": 1,
        "2009": 0,
        "2010": 0,
        "2011": 0,
        "2012": 0,
        "2013": 0,
        "2014": 0,
      }
    }
  />
  <Component
    className="card"
    handleCompareSelections={[Function]}
    key="0.41290248011822195"
    location="SOUTH CONEJOS RE-10"
    stats={
      Object {
        "2004": 1,
        "2005": 1,
        "2006": 1,
        "2007": 1,
        "2008": 1,
        "2009": 1,
        "2010": 1,
        "2011": 1,
        "2012": 1,
        "2013": 1,
        "2014": 1,
      }
    }
  />
  <Component
    className="card"
    handleCompareSelections={[Function]}
    key="0.8178176291285726"
    location="SOUTH ROUTT RE 3"
    stats={
      Object {
        "2004": 1,
        "2005": 1,
        "2006": 1,
        "2007": 1,
        "2008": 1,
        "2009": 1,
        "2010": 1,
        "2011": 1,
        "2012": 1,
        "2013": 1,
        "2014": 1,
      }
    }
  />
  <Component
    className="card"
    handleCompareSelections={[Function]}
    key="0.8662463891403662"
    location="SPRINGFIELD RE-4"
    stats={
      Object {
        "2004": 1,
        "2005": 1,
        "2006": 0,
        "2007": 1,
        "2008": 1,
        "2009": 1,
        "2010": 1,
        "2011": 1,
        "2012": 1,
        "2013": 1,
        "2014": 1,
      }
    }
  />
  <Component
    className="card"
    handleCompareSelections={[Function]}
    key="0.5689819445340116"
    location="ST VRAIN VALLEY RE 1J"
    stats={
      Object {
        "2004": 0.182,
        "2005": 0.221,
        "2006": 0.267,
        "2007": 0.384,
        "2008": 0.493,
        "2009": 0.57,
        "2010": 0.616,
        "2011": 0.641,
        "2012": 0.618,
        "2013": 0.639,
        "2014": 0.669,
      }
    }
  />
  <Component
    className="card"
    handleCompareSelections={[Function]}
    key="0.578575506374692"
    location="STEAMBOAT SPRINGS RE-2"
    stats={
      Object {
        "2004": 0,
        "2005": 0,
        "2006": 0,
        "2007": 0,
        "2008": 0.506,
        "2009": 0.88,
        "2010": 0.789,
        "2011": 0.842,
        "2012": 0.826,
        "2013": 0.805,
        "2014": 0.911,
      }
    }
  />
  <Component
    className="card"
    handleCompareSelections={[Function]}
    key="0.20399998872815228"
    location="STRASBURG 31J"
    stats={
      Object {
        "2004": 0.016,
        "2005": 0,
        "2006": 0,
        "2007": 1,
        "2008": 1,
        "2009": 1,
        "2010": 1,
        "2011": 1,
        "2012": 1,
        "2013": 1,
        "2014": 1,
      }
    }
  />
  <Component
    className="card"
    handleCompareSelections={[Function]}
    key="0.7450560511962996"
    location="STRATTON R-4"
    stats={
      Object {
        "2004": 0.353,
        "2005": 1,
        "2006": 0.087,
        "2007": 0,
        "2008": 1,
        "2009": 1,
        "2010": 1,
        "2011": 1,
        "2012": 1,
        "2013": 1,
        "2014": 1,
      }
    }
  />
  <Component
    className="card"
    handleCompareSelections={[Function]}
    key="0.15420733360622396"
    location="SUMMIT RE-1"
    stats={
      Object {
        "2004": 0.619,
        "2005": 0.85,
        "2006": 0.833,
        "2007": 0.891,
        "2008": 1,
        "2009": 1,
        "2010": 1,
        "2011": 1,
        "2012": 0.996,
        "2013": 1,
        "2014": 1,
      }
    }
  />
  <Component
    className="card"
    handleCompareSelections={[Function]}
    key="0.959128682450489"
    location="SWINK 33"
    stats={
      Object {
        "2004": 0,
        "2005": 0,
        "2006": 0,
        "2007": 0,
        "2008": 0,
        "2009": 0,
        "2010": 0,
        "2011": 1,
        "2012": 1,
        "2013": 1,
        "2014": 1,
      }
    }
  />
  <Component
    className="card"
    handleCompareSelections={[Function]}
    key="0.010140993427653733"
    location="TELLURIDE R-1"
    stats={
      Object {
        "2004": 0,
        "2005": 0,
        "2006": 0,
        "2007": 0,
        "2008": 0,
        "2009": 1,
        "2010": 1,
        "2011": 1,
        "2012": 1,
        "2013": 0,
        "2014": 0.164,
      }
    }
  />
  <Component
    className="card"
    handleCompareSelections={[Function]}
    key="0.7456747611268109"
    location="THOMPSON R-2J"
    stats={
      Object {
        "2004": 0.197,
        "2005": 0.151,
        "2006": 0.146,
        "2007": 0.325,
        "2008": 0.274,
        "2009": 0.3,
        "2010": 0.281,
        "2011": 0.403,
        "2012": 0.433,
        "2013": 0.534,
        "2014": 0.569,
      }
    }
  />
  <Component
    className="card"
    handleCompareSelections={[Function]}
    key="0.04963996121531733"
    location="TRINIDAD 1"
    stats={
      Object {
        "2004": 1,
        "2005": 1,
        "2006": 1,
        "2007": 1,
        "2008": 1,
        "2009": 1,
        "2010": 1,
        "2011": 1,
        "2012": 1,
        "2013": 1,
        "2014": 1,
      }
    }
  />
  <Component
    className="card"
    handleCompareSelections={[Function]}
    key="0.3274754258908832"
    location="VALLEY RE-1"
    stats={
      Object {
        "2004": 0,
        "2005": 0,
        "2006": 0,
        "2007": 0,
        "2008": 0,
        "2009": 0,
        "2010": 0.058,
        "2011": 0.09,
        "2012": 0.446,
        "2013": 0.544,
        "2014": 0.497,
      }
    }
  />
  <Component
    className="card"
    handleCompareSelections={[Function]}
    key="0.030312152007856197"
    location="VILAS RE-5"
    stats={
      Object {
        "2004": 1,
        "2005": 1,
        "2006": 1,
        "2007": 1,
        "2008": 1,
        "2009": 1,
        "2010": 1,
        "2011": 1,
        "2012": 1,
        "2013": 1,
        "2014": 1,
      }
    }
  />
  <Component
    className="card"
    handleCompareSelections={[Function]}
    key="0.7762330711231618"
    location="WALSH RE-1"
    stats={
      Object {
        "2004": 1,
        "2005": 1,
        "2006": 1,
        "2007": 1,
        "2008": 1,
        "2009": 1,
        "2010": 1,
        "2011": 1,
        "2012": 1,
        "2013": 1,
        "2014": 1,
      }
    }
  />
  <Component
    className="card"
    handleCompareSelections={[Function]}
    key="0.9216890131542288"
    location="WELD COUNTY RE-1"
    stats={
      Object {
        "2004": 1,
        "2005": 1,
        "2006": 1,
        "2007": 1,
        "2008": 1,
        "2009": 1,
        "2010": 1,
        "2011": 1,
        "2012": 1,
        "2013": 1,
        "2014": 1,
      }
    }
  />
  <Component
    className="card"
    handleCompareSelections={[Function]}
    key="0.6582944988274435"
    location="WELD COUNTY S/D RE-8"
    stats={
      Object {
        "2004": 0,
        "2005": 0.19,
        "2006": 0.13,
        "2007": 0.288,
        "2008": 0.686,
        "2009": 1,
        "2010": 1,
        "2011": 1,
        "2012": 1,
        "2013": 1,
        "2014": 1,
      }
    }
  />
  <Component
    className="card"
    handleCompareSelections={[Function]}
    key="0.0070016085696436026"
    location="WELDON VALLEY RE-20(J)"
    stats={
      Object {
        "2004": 1,
        "2005": 1,
        "2006": 1,
        "2007": 1,
        "2008": 1,
        "2009": 1,
        "2010": 1,
        "2011": 1,
        "2012": 1,
        "2013": 0,
        "2014": 0,
      }
    }
  />
  <Component
    className="card"
    handleCompareSelections={[Function]}
    key="0.06381849104010984"
    location="WEST END RE-2"
    stats={
      Object {
        "2004": 0.118,
        "2005": 0.19,
        "2006": 0.2,
        "2007": 0.042,
        "2008": 0.115,
        "2009": 0.24,
        "2010": 0.143,
        "2011": 0.19,
        "2012": 1,
        "2013": 1,
        "2014": 1,
      }
    }
  />
  <Component
    className="card"
    handleCompareSelections={[Function]}
    key="0.8596726456974095"
    location="WEST GRAND 1-JT"
    stats={
      Object {
        "2004": 1,
        "2005": 1,
        "2006": 1,
        "2007": 1,
        "2008": 1,
        "2009": 1,
        "2010": 1,
        "2011": 1,
        "2012": 1,
        "2013": 1,
        "2014": 1,
      }
    }
  />
  <Component
    className="card"
    handleCompareSelections={[Function]}
    key="0.10804431904339729"
    location="WEST YUMA COUNTY RJ-1"
    stats={
      Object {
        "2004": 0,
        "2005": 0,
        "2006": 0,
        "2007": 0,
        "2008": 0,
        "2009": 0,
        "2010": 0,
        "2011": 0,
        "2012": 0,
        "2013": 0,
        "2014": 0,
      }
    }
  />
  <Component
    className="card"
    handleCompareSelections={[Function]}
    key="0.8976921835175056"
    location="WESTMINSTER 50"
    stats={
      Object {
        "2004": 0,
        "2005": 0,
        "2006": 0,
        "2007": 0.044,
        "2008": 0,
        "2009": 0.91,
        "2010": 0.915,
        "2011": 0.993,
        "2012": 1,
        "2013": 1,
        "2014": 1,
      }
    }
  />
  <Component
    className="card"
    handleCompareSelections={[Function]}
    key="0.25568732228610624"
    location="WIDEFIELD 3"
    stats={
      Object {
        "2004": 0.487,
        "2005": 0.458,
        "2006": 0.471,
        "2007": 0.498,
        "2008": 0.996,
        "2009": 1,
        "2010": 1,
        "2011": 1,
        "2012": 0.996,
        "2013": 0.999,
        "2014": 0.995,
      }
    }
  />
  <Component
    className="card"
    handleCompareSelections={[Function]}
    key="0.5708318101151972"
    location="WIGGINS RE-50(J)"
    stats={
      Object {
        "2004": 1,
        "2005": 1,
        "2006": 1,
        "2007": 1,
        "2008": 1,
        "2009": 1,
        "2010": 1,
        "2011": 1,
        "2012": 1,
        "2013": 1,
        "2014": 1,
      }
    }
  />
  <Component
    className="card"
    handleCompareSelections={[Function]}
    key="0.8140001906639076"
    location="WILEY RE-13 JT"
    stats={
      Object {
        "2004": 0.375,
        "2005": 1,
        "2006": 1,
        "2007": 1,
        "2008": 1,
        "2009": 1,
        "2010": 1,
        "2011": 1,
        "2012": 1,
        "2013": 1,
        "2014": 1,
      }
    }
  />
  <Component
    className="card"
    handleCompareSelections={[Function]}
    key="0.9758103967729477"
    location="WINDSOR RE-4"
    stats={
      Object {
        "2004": 0,
        "2005": 0,
        "2006": 0,
        "2007": 0.076,
        "2008": 0.463,
        "2009": 0.56,
        "2010": 0.51,
        "2011": 0.5,
        "2012": 0.501,
        "2013": 0.548,
        "2014": 0.547,
      }
    }
  />
  <Component
    className="card"
    handleCompareSelections={[Function]}
    key="0.02686540719257935"
    location="WOODLAND PARK RE-2"
    stats={
      Object {
        "2004": 0,
        "2005": 0.006,
        "2006": 0,
        "2007": 0,
        "2008": 0,
        "2009": 1,
        "2010": 1,
        "2011": 1,
        "2012": 1,
        "2013": 1,
        "2014": 1,
      }
    }
  />
  <Component
    className="card"
    handleCompareSelections={[Function]}
    key="0.3497166255982813"
    location="WOODLIN R-104"
    stats={
      Object {
        "2004": 1,
        "2005": 0.714,
        "2006": 1,
        "2007": 1,
        "2008": 1,
        "2009": 1,
        "2010": 1,
        "2011": 1,
        "2012": 1,
        "2013": 1,
        "2014": 1,
      }
    }
  />
  <Component
    className="card"
    handleCompareSelections={[Function]}
    key="0.8891121641094466"
    location="WRAY SCHOOL DISTRICT RD-2"
    stats={
      Object {
        "2004": 1,
        "2005": 1,
        "2006": 1,
        "2007": 1,
        "2008": 1,
        "2009": 1,
        "2010": 1,
        "2011": 1,
        "2012": 1,
        "2013": 1,
        "2014": 1,
      }
    }
  />
  <Component
    className="card"
    handleCompareSelections={[Function]}
    key="0.674972788892716"
    location="YUMA SCHOOL DISTRICT 1"
    stats={
      Object {
        "2004": 0,
        "2005": 1,
        "2006": 1,
        "2007": 1,
        "2008": 1,
        "2009": 1,
        "2010": 1,
        "2011": 1,
        "2012": 1,
        "2013": 1,
        "2014": 1,
      }
    }
  />
</div>
`;
