// Jest Snapshot v1, https://goo.gl/fbAQLP

exports[`CardContainer should match snapshot with all html elements rendered with correct data 1`] = `
<div
  className="card-container"
>
  <Card
    handleCompareSelections={[Function]}
    key="0.21698598502975996"
    location="COLORADO"
    stats={
      Object {
        "2004": 0.24,
        "2005": 0.278,
        "2006": 0.337,
        "2007": 0.395,
        "2008": 0.536,
        "2009": 0.598,
        "2010": 0.64,
        "2011": 0.672,
        "2012": 0.695,
        "2013": 0.703,
        "2014": 0.741,
      }
    }
  />
  <Card
    handleCompareSelections={[Function]}
    key="0.0969047723432992"
    location="ACADEMY 20"
    stats={
      Object {
        "2004": 0.302,
        "2005": 0.267,
        "2006": 0.354,
        "2007": 0.392,
        "2008": 0.385,
        "2009": 0.39,
        "2010": 0.436,
        "2011": 0.489,
        "2012": 0.479,
        "2013": 0.488,
        "2014": 0.49,
      }
    }
  />
  <Card
    handleCompareSelections={[Function]}
    key="0.43810113553284924"
    location="ADAMS COUNTY 14"
    stats={
      Object {
        "2004": 0.228,
        "2005": 0.3,
        "2006": 0.293,
        "2007": 0.306,
        "2008": 0.673,
        "2009": 1,
        "2010": 1,
        "2011": 1,
        "2012": 1,
        "2013": 0.998,
        "2014": 1,
      }
    }
  />
  <Card
    handleCompareSelections={[Function]}
    key="0.06115296841677109"
    location="ADAMS-ARAPAHOE 28J"
    stats={
      Object {
        "2004": 0.174,
        "2005": 0.202,
        "2006": 0.37,
        "2007": 0.474,
        "2008": 0.48,
        "2009": 0.73,
        "2010": 0.922,
        "2011": 0.95,
        "2012": 0.974,
        "2013": 0.977,
        "2014": 0.971,
      }
    }
  />
  <Card
    handleCompareSelections={[Function]}
    key="0.5500853002832957"
    location="AGATE 300"
    stats={
      Object {
        "2004": 1,
        "2005": 1,
        "2006": 0,
        "2007": 1,
        "2008": 1,
        "2009": 1,
        "2010": 1,
        "2011": 1,
        "2012": 1,
        "2013": 1,
        "2014": 1,
      }
    }
  />
  <Card
    handleCompareSelections={[Function]}
    key="0.41680280472761333"
    location="AGUILAR REORGANIZED 6"
    stats={
      Object {
        "2004": 1,
        "2005": 1,
        "2006": 1,
        "2007": 1,
        "2008": 1,
        "2009": 1,
        "2010": 1,
        "2011": 1,
        "2012": 1,
        "2013": 1,
        "2014": 1,
      }
    }
  />
  <Card
    handleCompareSelections={[Function]}
    key="0.5080587588450525"
    location="AKRON R-1"
    stats={
      Object {
        "2004": 0,
        "2005": 0,
        "2006": 0,
        "2007": 0,
        "2008": 0.844,
        "2009": 0.96,
        "2010": 1,
        "2011": 1,
        "2012": 1,
        "2013": 1,
        "2014": 1,
      }
    }
  />
  <Card
    handleCompareSelections={[Function]}
    key="0.0782990441833431"
    location="ALAMOSA RE-11J"
    stats={
      Object {
        "2004": 0,
        "2005": 0.208,
        "2006": 0.083,
        "2007": 0.66,
        "2008": 0.994,
        "2009": 1,
        "2010": 1,
        "2011": 1,
        "2012": 1,
        "2013": 1,
        "2014": 1,
      }
    }
  />
  <Card
    handleCompareSelections={[Function]}
    key="0.9296658284777493"
    location="ARCHULETA COUNTY 50 JT"
    stats={
      Object {
        "2004": 0,
        "2005": 0,
        "2006": 0.53,
        "2007": 0.542,
        "2008": 0.563,
        "2009": 0.61,
        "2010": 0.602,
        "2011": 0.571,
        "2012": 0.918,
        "2013": 0.918,
        "2014": 0.929,
      }
    }
  />
  <Card
    handleCompareSelections={[Function]}
    key="0.19418005882379052"
    location="ARICKAREE R-2"
    stats={
      Object {
        "2004": 1,
        "2005": 0,
        "2006": 0.125,
        "2007": 0,
        "2008": 1,
        "2009": 1,
        "2010": 1,
        "2011": 1,
        "2012": 1,
        "2013": 1,
        "2014": 1,
      }
    }
  />
  <Card
    handleCompareSelections={[Function]}
    key="0.21396339203031722"
    location="ARRIBA-FLAGLER C-20"
    stats={
      Object {
        "2004": 0.455,
        "2005": 0.625,
        "2006": 0.385,
        "2007": 0.25,
        "2008": 0,
        "2009": 1,
        "2010": 1,
        "2011": 1,
        "2012": 1,
        "2013": 1,
        "2014": 1,
      }
    }
  />
  <Card
    handleCompareSelections={[Function]}
    key="0.8296273576762638"
    location="ASPEN 1"
    stats={
      Object {
        "2004": 1,
        "2005": 1,
        "2006": 1,
        "2007": 1,
        "2008": 1,
        "2009": 1,
        "2010": 1,
        "2011": 1,
        "2012": 1,
        "2013": 1,
        "2014": 0.992,
      }
    }
  />
  <Card
    handleCompareSelections={[Function]}
    key="0.05474487722404264"
    location="AULT-HIGHLAND RE-9"
    stats={
      Object {
        "2004": 1,
        "2005": 1,
        "2006": 1,
        "2007": 1,
        "2008": 0.986,
        "2009": 1,
        "2010": 1,
        "2011": 1,
        "2012": 1,
        "2013": 1,
        "2014": 1,
      }
    }
  />
  <Card
    handleCompareSelections={[Function]}
    key="0.867962863930924"
    location="BAYFIELD 10 JT-R"
    stats={
      Object {
        "2004": 0.318,
        "2005": 0.5,
        "2006": 0,
        "2007": 1,
        "2008": 1,
        "2009": 1,
        "2010": 1,
        "2011": 1,
        "2012": 1,
        "2013": 1,
        "2014": 1,
      }
    }
  />
  <Card
    handleCompareSelections={[Function]}
    key="0.6470895286781109"
    location="BENNETT 29J"
    stats={
      Object {
        "2004": 0,
        "2005": 0,
        "2006": 0,
        "2007": 1,
        "2008": 1,
        "2009": 0,
        "2010": 0,
        "2011": 0,
        "2012": 0,
        "2013": 0,
        "2014": 0,
      }
    }
  />
  <Card
    handleCompareSelections={[Function]}
    key="0.6706515708827536"
    location="BETHUNE R-5"
    stats={
      Object {
        "2004": 1,
        "2005": 1,
        "2006": 1,
        "2007": 1,
        "2008": 1,
        "2009": 1,
        "2010": 1,
        "2011": 1,
        "2012": 1,
        "2013": 1,
        "2014": 1,
      }
    }
  />
  <Card
    handleCompareSelections={[Function]}
    key="0.6089219910383525"
    location="BIG SANDY 100J"
    stats={
      Object {
        "2004": 0,
        "2005": 0,
        "2006": 0,
        "2007": 0,
        "2008": 0,
        "2009": 0,
        "2010": 0,
        "2011": 0,
        "2012": 0,
        "2013": 0,
        "2014": 0,
      }
    }
  />
  <Card
    handleCompareSelections={[Function]}
    key="0.27149276898151786"
    location="BOULDER VALLEY RE 2"
    stats={
      Object {
        "2004": 0.016,
        "2005": 0.033,
        "2006": 0.032,
        "2007": 0.067,
        "2008": 0.118,
        "2009": 0.1,
        "2010": 0.157,
        "2011": 0.248,
        "2012": 0.23,
        "2013": 0,
        "2014": 0.279,
      }
    }
  />
  <Card
    handleCompareSelections={[Function]}
    key="0.03453119416483319"
    location="BRANSON REORGANIZED 82"
    stats={
      Object {
        "2004": 1,
        "2005": 1,
        "2006": 1,
        "2007": 1,
        "2008": 1,
        "2009": 1,
        "2010": 1,
        "2011": 1,
        "2012": 1,
        "2013": 1,
        "2014": 1,
      }
    }
  />
  <Card
    handleCompareSelections={[Function]}
    key="0.7876107747637249"
    location="BRIGGSDALE RE-10"
    stats={
      Object {
        "2004": 0,
        "2005": 1,
        "2006": 1,
        "2007": 1,
        "2008": 1,
        "2009": 1,
        "2010": 1,
        "2011": 1,
        "2012": 1,
        "2013": 1,
        "2014": 1,
      }
    }
  />
  <Card
    handleCompareSelections={[Function]}
    key="0.5752830010148895"
    location="BRIGHTON 27J"
    stats={
      Object {
        "2004": 0.036,
        "2005": 0.063,
        "2006": 0.06,
        "2007": 0.238,
        "2008": 0.225,
        "2009": 0.2,
        "2010": 0.323,
        "2011": 0.345,
        "2012": 0.456,
        "2013": 0.577,
        "2014": 0.72,
      }
    }
  />
  <Card
    handleCompareSelections={[Function]}
    key="0.6823404866050733"
    location="BRUSH RE-2(J)"
    stats={
      Object {
        "2004": 0,
        "2005": 0,
        "2006": 0,
        "2007": 0,
        "2008": 1,
        "2009": 1,
        "2010": 1,
        "2011": 1,
        "2012": 1,
        "2013": 1,
        "2014": 1,
      }
    }
  />
  <Card
    handleCompareSelections={[Function]}
    key="0.461770554089036"
    location="BUENA VISTA R-31"
    stats={
      Object {
        "2004": 0,
        "2005": 0,
        "2006": 0.283,
        "2007": 0.39,
        "2008": 0.921,
        "2009": 0.96,
        "2010": 1,
        "2011": 1,
        "2012": 1,
        "2013": 1,
        "2014": 1,
      }
    }
  />
  <Card
    handleCompareSelections={[Function]}
    key="0.9518829213806632"
    location="BUFFALO RE-4"
    stats={
      Object {
        "2004": 1,
        "2005": 1,
        "2006": 1,
        "2007": 1,
        "2008": 1,
        "2009": 1,
        "2010": 1,
        "2011": 1,
        "2012": 1,
        "2013": 1,
        "2014": 1,
      }
    }
  />
  <Card
    handleCompareSelections={[Function]}
    key="0.9538103813856533"
    location="BURLINGTON RE-6J"
    stats={
      Object {
        "2004": 0,
        "2005": 0,
        "2006": 0.254,
        "2007": 1,
        "2008": 1,
        "2009": 1,
        "2010": 1,
        "2011": 1,
        "2012": 1,
        "2013": 1,
        "2014": 1,
      }
    }
  />
  <Card
    handleCompareSelections={[Function]}
    key="0.2119000775860631"
    location="BYERS 32J"
    stats={
      Object {
        "2004": 1,
        "2005": 1,
        "2006": 1,
        "2007": 1,
        "2008": 1,
        "2009": 1,
        "2010": 1,
        "2011": 1,
        "2012": 1,
        "2013": 1,
        "2014": 0.34,
      }
    }
  />
  <Card
    handleCompareSelections={[Function]}
    key="0.19414257357400722"
    location="CALHAN RJ-1"
    stats={
      Object {
        "2004": 0.353,
        "2005": 0,
        "2006": 0.423,
        "2007": 0.981,
        "2008": 0.977,
        "2009": 1,
        "2010": 1,
        "2011": 1,
        "2012": 1,
        "2013": 1,
        "2014": 1,
      }
    }
  />
  <Card
    handleCompareSelections={[Function]}
    key="0.17238439986344845"
    location="CAMPO RE-6"
    stats={
      Object {
        "2004": 0,
        "2005": 0,
        "2006": 1,
        "2007": 1,
        "2008": 1,
        "2009": 1,
        "2010": 1,
        "2011": 1,
        "2012": 1,
        "2013": 1,
        "2014": 1,
      }
    }
  />
  <Card
    handleCompareSelections={[Function]}
    key="0.43940107812566165"
    location="CANON CITY RE-1"
    stats={
      Object {
        "2004": 0.302,
        "2005": 0.353,
        "2006": 0.119,
        "2007": 0.218,
        "2008": 0.766,
        "2009": 0.98,
        "2010": 0.993,
        "2011": 0.993,
        "2012": 1,
        "2013": 1,
        "2014": 1,
      }
    }
  />
  <Card
    handleCompareSelections={[Function]}
    key="0.48722263651655284"
    location="CENTENNIAL R-1"
    stats={
      Object {
        "2004": 0,
        "2005": 0.105,
        "2006": 0.045,
        "2007": 0,
        "2008": 1,
        "2009": 1,
        "2010": 1,
        "2011": 1,
        "2012": 1,
        "2013": 1,
        "2014": 1,
      }
    }
  />
  <Card
    handleCompareSelections={[Function]}
    key="0.7007515846489436"
    location="CENTER 26 JT"
    stats={
      Object {
        "2004": 1,
        "2005": 1,
        "2006": 1,
        "2007": 1,
        "2008": 1,
        "2009": 1,
        "2010": 1,
        "2011": 1,
        "2012": 1,
        "2013": 1,
        "2014": 1,
      }
    }
  />
  <Card
    handleCompareSelections={[Function]}
    key="0.9334603268382657"
    location="CHERAW 31"
    stats={
      Object {
        "2004": 1,
        "2005": 1,
        "2006": 1,
        "2007": 1,
        "2008": 1,
        "2009": 1,
        "2010": 1,
        "2011": 1,
        "2012": 1,
        "2013": 1,
        "2014": 1,
      }
    }
  />
  <Card
    handleCompareSelections={[Function]}
    key="0.6876220020143997"
    location="CHERRY CREEK 5"
    stats={
      Object {
        "2004": 0.392,
        "2005": 0,
        "2006": 0,
        "2007": 0,
        "2008": 0.193,
        "2009": 0.19,
        "2010": 0.197,
        "2011": 0.203,
        "2012": 0.187,
        "2013": 0,
        "2014": 0.13,
      }
    }
  />
  <Card
    handleCompareSelections={[Function]}
    key="0.281908924934237"
    location="CHEYENNE COUNTY RE-5"
    stats={
      Object {
        "2004": 1,
        "2005": 1,
        "2006": 1,
        "2007": 1,
        "2008": 1,
        "2009": 1,
        "2010": 1,
        "2011": 1,
        "2012": 1,
        "2013": 0,
        "2014": 1,
      }
    }
  />
  <Card
    handleCompareSelections={[Function]}
    key="0.7842742485250791"
    location="CHEYENNE MOUNTAIN 12"
    stats={
      Object {
        "2004": 0,
        "2005": 0,
        "2006": 0,
        "2007": 0.072,
        "2008": 0.599,
        "2009": 0.54,
        "2010": 0.598,
        "2011": 0.705,
        "2012": 0.666,
        "2013": 0.872,
        "2014": 0.858,
      }
    }
  />
  <Card
    handleCompareSelections={[Function]}
    key="0.5301122680050547"
    location="CLEAR CREEK RE-1"
    stats={
      Object {
        "2004": 0.147,
        "2005": 0.208,
        "2006": 0.284,
        "2007": 0.198,
        "2008": 0.758,
        "2009": 1,
        "2010": 1,
        "2011": 1,
        "2012": 1,
        "2013": 0.381,
        "2014": 1,
      }
    }
  />
  <Card
    handleCompareSelections={[Function]}
    key="0.9225068919920809"
    location="COLORADO SPRINGS 11"
    stats={
      Object {
        "2004": 0.069,
        "2005": 0.509,
        "2006": 0.638,
        "2007": 0.994,
        "2008": 0.992,
        "2009": 1,
        "2010": 0.993,
        "2011": 0.994,
        "2012": 0.993,
        "2013": 0.989,
        "2014": 0.994,
      }
    }
  />
  <Card
    handleCompareSelections={[Function]}
    key="0.7523963011323589"
    location="COTOPAXI RE-3"
    stats={
      Object {
        "2004": 0,
        "2005": 0,
        "2006": 0,
        "2007": 0,
        "2008": 1,
        "2009": 1,
        "2010": 1,
        "2011": 1,
        "2012": 1,
        "2013": 1,
        "2014": 1,
      }
    }
  />
  <Card
    handleCompareSelections={[Function]}
    key="0.46129433786186524"
    location="CREEDE CONSOLIDATED 1"
    stats={
      Object {
        "2004": 0,
        "2005": 1,
        "2006": 0,
        "2007": 1,
        "2008": 1,
        "2009": 1,
        "2010": 1,
        "2011": 1,
        "2012": 1,
        "2013": 1,
        "2014": 1,
      }
    }
  />
  <Card
    handleCompareSelections={[Function]}
    key="0.06458596322427046"
    location="CRIPPLE CREEK-VICTOR RE-1"
    stats={
      Object {
        "2004": 1,
        "2005": 1,
        "2006": 1,
        "2007": 1,
        "2008": 1,
        "2009": 1,
        "2010": 1,
        "2011": 1,
        "2012": 1,
        "2013": 1,
        "2014": 1,
      }
    }
  />
  <Card
    handleCompareSelections={[Function]}
    key="0.6612490492968961"
    location="CROWLEY COUNTY RE-1-J"
    stats={
      Object {
        "2004": 0,
        "2005": 1,
        "2006": 1,
        "2007": 1,
        "2008": 1,
        "2009": 1,
        "2010": 1,
        "2011": 1,
        "2012": 1,
        "2013": 1,
        "2014": 1,
      }
    }
  />
  <Card
    handleCompareSelections={[Function]}
    key="0.24981363837247628"
    location="CUSTER COUNTY SCHOOL DISTRICT C-1"
    stats={
      Object {
        "2004": 0,
        "2005": 0,
        "2006": 0,
        "2007": 0,
        "2008": 0,
        "2009": 0,
        "2010": 0,
        "2011": 1,
        "2012": 1,
        "2013": 1,
        "2014": 1,
      }
    }
  />
  <Card
    handleCompareSelections={[Function]}
    key="0.922855519766189"
    location="DE BEQUE 49JT"
    stats={
      Object {
        "2004": 0,
        "2005": 0,
        "2006": 0.875,
        "2007": 0.923,
        "2008": 1,
        "2009": 1,
        "2010": 1,
        "2011": 1,
        "2012": 1,
        "2013": 1,
        "2014": 1,
      }
    }
  />
  <Card
    handleCompareSelections={[Function]}
    key="0.7561453679074628"
    location="DEER TRAIL 26J"
    stats={
      Object {
        "2004": 0,
        "2005": 0,
        "2006": 0,
        "2007": 1,
        "2008": 1,
        "2009": 1,
        "2010": 1,
        "2011": 1,
        "2012": 1,
        "2013": 1,
        "2014": 1,
      }
    }
  />
  <Card
    handleCompareSelections={[Function]}
    key="0.44270472418239537"
    location="DEL NORTE C-7"
    stats={
      Object {
        "2004": 0,
        "2005": 0,
        "2006": 1,
        "2007": 1,
        "2008": 1,
        "2009": 1,
        "2010": 0,
        "2011": 0,
        "2012": 0,
        "2013": 0,
        "2014": 1,
      }
    }
  />
  <Card
    handleCompareSelections={[Function]}
    key="0.6183499182266996"
    location="DELTA COUNTY 50(J)"
    stats={
      Object {
        "2004": 1,
        "2005": 0.951,
        "2006": 1,
        "2007": 1,
        "2008": 0.949,
        "2009": 0.96,
        "2010": 0.957,
        "2011": 0.908,
        "2012": 0.944,
        "2013": 0.941,
        "2014": 0.93,
      }
    }
  />
  <Card
    handleCompareSelections={[Function]}
    key="0.6244152140297821"
    location="DENVER COUNTY 1"
    stats={
      Object {
        "2004": 0.518,
        "2005": 0.632,
        "2006": 0.667,
        "2007": 0.722,
        "2008": 0.875,
        "2009": 0.93,
        "2010": 0.945,
        "2011": 0.948,
        "2012": 0.97,
        "2013": 0.993,
        "2014": 0.995,
      }
    }
  />
  <Card
    handleCompareSelections={[Function]}
    key="0.48766404859329104"
    location="DOLORES COUNTY RE NO.2"
    stats={
      Object {
        "2004": 0.929,
        "2005": 0,
        "2006": 0.84,
        "2007": 1,
        "2008": 1,
        "2009": 1,
        "2010": 1,
        "2011": 1,
        "2012": 1,
        "2013": 1,
        "2014": 1,
      }
    }
  />
  <Card
    handleCompareSelections={[Function]}
    key="0.8290600834979895"
    location="DOLORES RE-4A"
    stats={
      Object {
        "2004": 0,
        "2005": 0,
        "2006": 0,
        "2007": 0,
        "2008": 0.682,
        "2009": 0.93,
        "2010": 0.898,
        "2011": 0.911,
        "2012": 1,
        "2013": 1,
        "2014": 1,
      }
    }
  />
  <Card
    handleCompareSelections={[Function]}
    key="0.6389555729104679"
    location="DOUGLAS COUNTY RE 1"
    stats={
      Object {
        "2004": 0,
        "2005": 0,
        "2006": 0,
        "2007": 0,
        "2008": 0.013,
        "2009": 0.08,
        "2010": 0.257,
        "2011": 0.378,
        "2012": 0.418,
        "2013": 0.48,
        "2014": 0.508,
      }
    }
  />
  <Card
    handleCompareSelections={[Function]}
    key="0.41048809601444125"
    location="DURANGO 9-R"
    stats={
      Object {
        "2004": 0,
        "2005": 0,
        "2006": 0,
        "2007": 0.042,
        "2008": 1,
        "2009": 1,
        "2010": 1,
        "2011": 1,
        "2012": 1,
        "2013": 1,
        "2014": 1,
      }
    }
  />
  <Card
    handleCompareSelections={[Function]}
    key="0.9210744682310916"
    location="EADS RE-1"
    stats={
      Object {
        "2004": 1,
        "2005": 1,
        "2006": 1,
        "2007": 1,
        "2008": 1,
        "2009": 1,
        "2010": 1,
        "2011": 1,
        "2012": 1,
        "2013": 1,
        "2014": 1,
      }
    }
  />
  <Card
    handleCompareSelections={[Function]}
    key="0.6785497251053847"
    location="EAGLE COUNTY RE 50"
    stats={
      Object {
        "2004": 0.555,
        "2005": 0.932,
        "2006": 0.927,
        "2007": 0.943,
        "2008": 0.984,
        "2009": 0.96,
        "2010": 0.968,
        "2011": 0.967,
        "2012": 0.98,
        "2013": 0.958,
        "2014": 0.992,
      }
    }
  />
  <Card
    handleCompareSelections={[Function]}
    key="0.8932790909809203"
    location="EAST GRAND 2"
    stats={
      Object {
        "2004": 1,
        "2005": 1,
        "2006": 1,
        "2007": 1,
        "2008": 1,
        "2009": 1,
        "2010": 1,
        "2011": 1,
        "2012": 1,
        "2013": 1,
        "2014": 1,
      }
    }
  />
  <Card
    handleCompareSelections={[Function]}
    key="0.05493070674988698"
    location="EAST OTERO R-1"
    stats={
      Object {
        "2004": 0,
        "2005": 0,
        "2006": 0,
        "2007": 0,
        "2008": 1,
        "2009": 1,
        "2010": 1,
        "2011": 1,
        "2012": 1,
        "2013": 1,
        "2014": 1,
      }
    }
  />
  <Card
    handleCompareSelections={[Function]}
    key="0.3535769812535632"
    location="EAST YUMA COUNTY RJ-2"
    stats={
      Object {
        "2004": 0,
        "2005": 0,
        "2006": 0,
        "2007": 0,
        "2008": 0,
        "2009": 0,
        "2010": 0,
        "2011": 0,
        "2012": 0,
        "2013": 0,
        "2014": 0,
      }
    }
  />
  <Card
    handleCompareSelections={[Function]}
    key="0.5696746361917888"
    location="EATON RE-2"
    stats={
      Object {
        "2004": 0,
        "2005": 0,
        "2006": 0,
        "2007": 0.169,
        "2008": 1,
        "2009": 1,
        "2010": 1,
        "2011": 1,
        "2012": 1,
        "2013": 1,
        "2014": 1,
      }
    }
  />
  <Card
    handleCompareSelections={[Function]}
    key="0.7012265316936706"
    location="EDISON 54 JT"
    stats={
      Object {
        "2004": 0.4,
        "2005": 1,
        "2006": 1,
        "2007": 1,
        "2008": 1,
        "2009": 1,
        "2010": 0,
        "2011": 1,
        "2012": 1,
        "2013": 1,
        "2014": 1,
      }
    }
  />
  <Card
    handleCompareSelections={[Function]}
    key="0.2766563037677314"
    location="ELBERT 200"
    stats={
      Object {
        "2004": 0,
        "2005": 0,
        "2006": 0,
        "2007": 0,
        "2008": 1,
        "2009": 1,
        "2010": 1,
        "2011": 1,
        "2012": 1,
        "2013": 1,
        "2014": 1,
      }
    }
  />
  <Card
    handleCompareSelections={[Function]}
    key="0.9788922766805699"
    location="ELIZABETH C-1"
    stats={
      Object {
        "2004": 0,
        "2005": 0,
        "2006": 0,
        "2007": 0,
        "2008": 0,
        "2009": 0.01,
        "2010": 0.689,
        "2011": 1,
        "2012": 1,
        "2013": 1,
        "2014": 1,
      }
    }
  />
  <Card
    handleCompareSelections={[Function]}
    key="0.5929057269023761"
    location="ELLICOTT 22"
    stats={
      Object {
        "2004": 1,
        "2005": 1,
        "2006": 1,
        "2007": 1,
        "2008": 1,
        "2009": 1,
        "2010": 1,
        "2011": 1,
        "2012": 1,
        "2013": 1,
        "2014": 1,
      }
    }
  />
  <Card
    handleCompareSelections={[Function]}
    key="0.235635235214801"
    location="ENGLEWOOD 1"
    stats={
      Object {
        "2004": 0.598,
        "2005": 0.642,
        "2006": 0.771,
        "2007": 0.726,
        "2008": 1,
        "2009": 1,
        "2010": 1,
        "2011": 1,
        "2012": 1,
        "2013": 1,
        "2014": 1,
      }
    }
  />
  <Card
    handleCompareSelections={[Function]}
    key="0.7009337441126793"
    location="FALCON 49"
    stats={
      Object {
        "2004": 0,
        "2005": 0,
        "2006": 0.083,
        "2007": 0.09,
        "2008": 0.484,
        "2009": 0.49,
        "2010": 0.497,
        "2011": 0.525,
        "2012": 0.829,
        "2013": 0.852,
        "2014": 0.871,
      }
    }
  />
  <Card
    handleCompareSelections={[Function]}
    key="0.3965836826228182"
    location="FLORENCE RE-2"
    stats={
      Object {
        "2004": 0,
        "2005": 0,
        "2006": 0,
        "2007": 0.143,
        "2008": 1,
        "2009": 1,
        "2010": 1,
        "2011": 1,
        "2012": 1,
        "2013": 1,
        "2014": 1,
      }
    }
  />
  <Card
    handleCompareSelections={[Function]}
    key="0.02859706730269007"
    location="FORT MORGAN RE-3"
    stats={
      Object {
        "2004": 0,
        "2005": 0,
        "2006": 0.562,
        "2007": 1,
        "2008": 1,
        "2009": 1,
        "2010": 1,
        "2011": 1,
        "2012": 1,
        "2013": 1,
        "2014": 1,
      }
    }
  />
  <Card
    handleCompareSelections={[Function]}
    key="0.8284705550561171"
    location="FOUNTAIN 8"
    stats={
      Object {
        "2004": 0,
        "2005": 0,
        "2006": 0.394,
        "2007": 0.384,
        "2008": 0.445,
        "2009": 0.59,
        "2010": 0.619,
        "2011": 0.654,
        "2012": 0.662,
        "2013": 1,
        "2014": 1,
      }
    }
  />
  <Card
    handleCompareSelections={[Function]}
    key="0.8923556946126008"
    location="FOWLER R-4J"
    stats={
      Object {
        "2004": 1,
        "2005": 1,
        "2006": 1,
        "2007": 1,
        "2008": 1,
        "2009": 1,
        "2010": 1,
        "2011": 1,
        "2012": 1,
        "2013": 1,
        "2014": 1,
      }
    }
  />
  <Card
    handleCompareSelections={[Function]}
    key="0.0072647285795146566"
    location="FRENCHMAN RE-3"
    stats={
      Object {
        "2004": 1,
        "2005": 1,
        "2006": 1,
        "2007": 1,
        "2008": 1,
        "2009": 1,
        "2010": 1,
        "2011": 1,
        "2012": 1,
        "2013": 1,
        "2014": 1,
      }
    }
  />
  <Card
    handleCompareSelections={[Function]}
    key="0.7744338914932043"
    location="GARFIELD 16"
    stats={
      Object {
        "2004": 0,
        "2005": 0,
        "2006": 0,
        "2007": 0,
        "2008": 0.148,
        "2009": 0.45,
        "2010": 0.512,
        "2011": 0.577,
        "2012": 0.773,
        "2013": 0.838,
        "2014": 1,
      }
    }
  />
  <Card
    handleCompareSelections={[Function]}
    key="0.16340387336140294"
    location="GARFIELD RE-2"
    stats={
      Object {
        "2004": 0,
        "2005": 0,
        "2006": 0,
        "2007": 0,
        "2008": 0.549,
        "2009": 0.55,
        "2010": 0.635,
        "2011": 0.627,
        "2012": 0.62,
        "2013": 0.64,
        "2014": 0.63,
      }
    }
  />
  <Card
    handleCompareSelections={[Function]}
    key="0.9678710755261326"
    location="GENOA-HUGO C113"
    stats={
      Object {
        "2004": 0,
        "2005": 0,
        "2006": 0,
        "2007": 0,
        "2008": 1,
        "2009": 1,
        "2010": 1,
        "2011": 1,
        "2012": 1,
        "2013": 1,
        "2014": 1,
      }
    }
  />
  <Card
    handleCompareSelections={[Function]}
    key="0.6873742496778992"
    location="GILPIN COUNTY RE-1"
    stats={
      Object {
        "2004": 0.2,
        "2005": 0.138,
        "2006": 0.167,
        "2007": 0.724,
        "2008": 0.586,
        "2009": 0.87,
        "2010": 0.633,
        "2011": 0.795,
        "2012": 0.719,
        "2013": 0.816,
        "2014": 0.9,
      }
    }
  />
  <Card
    handleCompareSelections={[Function]}
    key="0.4508794247672203"
    location="GRANADA RE-1"
    stats={
      Object {
        "2004": 1,
        "2005": 1,
        "2006": 1,
        "2007": 1,
        "2008": 1,
        "2009": 1,
        "2010": 1,
        "2011": 1,
        "2012": 1,
        "2013": 1,
        "2014": 1,
      }
    }
  />
  <Card
    handleCompareSelections={[Function]}
    key="0.7218958083056608"
    location="GREELEY 6"
    stats={
      Object {
        "2004": 0,
        "2005": 0.042,
        "2006": 0.51,
        "2007": 0.059,
        "2008": 0.566,
        "2009": 0.55,
        "2010": 0.562,
        "2011": 0.531,
        "2012": 0.513,
        "2013": 0.533,
        "2014": 0.569,
      }
    }
  />
  <Card
    handleCompareSelections={[Function]}
    key="0.5279152707809882"
    location="GUNNISON WATERSHED RE1J"
    stats={
      Object {
        "2004": 0.144,
        "2005": 0.15,
        "2006": 0.135,
        "2007": 0.129,
        "2008": 0.634,
        "2009": 0.68,
        "2010": 0.662,
        "2011": 0.626,
        "2012": 0.708,
        "2013": 0,
        "2014": 0.821,
      }
    }
  />
  <Card
    handleCompareSelections={[Function]}
    key="0.17556162451176505"
    location="HANOVER 28"
    stats={
      Object {
        "2004": 0,
        "2005": 0,
        "2006": 1,
        "2007": 1,
        "2008": 1,
        "2009": 1,
        "2010": 1,
        "2011": 1,
        "2012": 1,
        "2013": 1,
        "2014": 1,
      }
    }
  />
  <Card
    handleCompareSelections={[Function]}
    key="0.512064080884157"
    location="HARRISON 2"
    stats={
      Object {
        "2004": 0.065,
        "2005": 0.127,
        "2006": 0.131,
        "2007": 0.136,
        "2008": 0.944,
        "2009": 0.95,
        "2010": 0.963,
        "2011": 0.958,
        "2012": 0.966,
        "2013": 0.966,
        "2014": 0.969,
      }
    }
  />
  <Card
    handleCompareSelections={[Function]}
    key="0.8758807743773638"
    location="HAXTUN RE-2J"
    stats={
      Object {
        "2004": 0,
        "2005": 0,
        "2006": 0,
        "2007": 1,
        "2008": 1,
        "2009": 1,
        "2010": 1,
        "2011": 1,
        "2012": 1,
        "2013": 1,
        "2014": 1,
      }
    }
  />
  <Card
    handleCompareSelections={[Function]}
    key="0.23799000974758378"
    location="HAYDEN RE-1"
    stats={
      Object {
        "2004": 0,
        "2005": 0,
        "2006": 1,
        "2007": 0.966,
        "2008": 1,
        "2009": 1,
        "2010": 1,
        "2011": 1,
        "2012": 1,
        "2013": 1,
        "2014": 1,
      }
    }
  />
  <Card
    handleCompareSelections={[Function]}
    key="0.5261851391791748"
    location="HINSDALE COUNTY RE 1"
    stats={
      Object {
        "2004": 0,
        "2005": 0,
        "2006": 0,
        "2007": 0,
        "2008": 0,
        "2009": 1,
        "2010": 1,
        "2011": 1,
        "2012": 1,
        "2013": 1,
        "2014": 1,
      }
    }
  />
  <Card
    handleCompareSelections={[Function]}
    key="0.35493468536066164"
    location="HI-PLAINS R-23"
    stats={
      Object {
        "2004": 0,
        "2005": 0,
        "2006": 0,
        "2007": 0,
        "2008": 1,
        "2009": 1,
        "2010": 1,
        "2011": 0,
        "2012": 0,
        "2013": 1,
        "2014": 1,
      }
    }
  />
  <Card
    handleCompareSelections={[Function]}
    key="0.6463902060864009"
    location="HOEHNE REORGANIZED 3"
    stats={
      Object {
        "2004": 0,
        "2005": 0,
        "2006": 0,
        "2007": 0,
        "2008": 0,
        "2009": 1,
        "2010": 1,
        "2011": 1,
        "2012": 1,
        "2013": 1,
        "2014": 1,
      }
    }
  />
  <Card
    handleCompareSelections={[Function]}
    key="0.5488047908602418"
    location="HOLLY RE-3"
    stats={
      Object {
        "2004": 1,
        "2005": 1,
        "2006": 1,
        "2007": 1,
        "2008": 1,
        "2009": 1,
        "2010": 1,
        "2011": 1,
        "2012": 1,
        "2013": 1,
        "2014": 1,
      }
    }
  />
  <Card
    handleCompareSelections={[Function]}
    key="0.3325200593315474"
    location="HOLYOKE RE-1J"
    stats={
      Object {
        "2004": 0,
        "2005": 0,
        "2006": 0.947,
        "2007": 1,
        "2008": 1,
        "2009": 1,
        "2010": 1,
        "2011": 1,
        "2012": 1,
        "2013": 1,
        "2014": 1,
      }
    }
  />
  <Card
    handleCompareSelections={[Function]}
    key="0.279810609569799"
    location="HUERFANO RE-1"
    stats={
      Object {
        "2004": 0,
        "2005": 0,
        "2006": 0,
        "2007": 0,
        "2008": 0,
        "2009": 0.91,
        "2010": 1,
        "2011": 0.821,
        "2012": 0.794,
        "2013": 1,
        "2014": 1,
      }
    }
  />
  <Card
    handleCompareSelections={[Function]}
    key="0.31923552000947386"
    location="IDALIA SCHOOL DISTRICT RJ-3"
    stats={
      Object {
        "2004": 0,
        "2005": 0,
        "2006": 1,
        "2007": 1,
        "2008": 1,
        "2009": 1,
        "2010": 1,
        "2011": 1,
        "2012": 1,
        "2013": 0,
        "2014": 1,
      }
    }
  />
  <Card
    handleCompareSelections={[Function]}
    key="0.8952509301574678"
    location="IGNACIO 11 JT"
    stats={
      Object {
        "2004": 1,
        "2005": 1,
        "2006": 1,
        "2007": 0.982,
        "2008": 1,
        "2009": 1,
        "2010": 1,
        "2011": 1,
        "2012": 1,
        "2013": 0.983,
        "2014": 1,
      }
    }
  />
  <Card
    handleCompareSelections={[Function]}
    key="0.7555316769731117"
    location="JEFFERSON COUNTY R-1"
    stats={
      Object {
        "2004": 0.29,
        "2005": 0.349,
        "2006": 0.397,
        "2007": 0.423,
        "2008": 0.613,
        "2009": 0.72,
        "2010": 0.717,
        "2011": 0.737,
        "2012": 0.729,
        "2013": 0.75,
        "2014": 0.76,
      }
    }
  />
  <Card
    handleCompareSelections={[Function]}
    key="0.47629724303789334"
    location="JOHNSTOWN-MILLIKEN RE-5J"
    stats={
      Object {
        "2004": 0,
        "2005": 0,
        "2006": 0,
        "2007": 0,
        "2008": 0,
        "2009": 0.1,
        "2010": 0.059,
        "2011": 0.07,
        "2012": 0.073,
        "2013": 0.052,
        "2014": 0.051,
      }
    }
  />
  <Card
    handleCompareSelections={[Function]}
    key="0.2779683397467294"
    location="JULESBURG RE-1"
    stats={
      Object {
        "2004": 0,
        "2005": 1,
        "2006": 1,
        "2007": 1,
        "2008": 1,
        "2009": 1,
        "2010": 1,
        "2011": 1,
        "2012": 1,
        "2013": 1,
        "2014": 1,
      }
    }
  />
  <Card
    handleCompareSelections={[Function]}
    key="0.7862372369804698"
    location="KARVAL RE-23"
    stats={
      Object {
        "2004": 1,
        "2005": 1,
        "2006": 1,
        "2007": 1,
        "2008": 1,
        "2009": 0.63,
        "2010": 0.286,
        "2011": 0.333,
        "2012": 0.75,
        "2013": 0.833,
        "2014": 1,
      }
    }
  />
  <Card
    handleCompareSelections={[Function]}
    key="0.655908425815944"
    location="KEENESBURG RE-3(J)"
    stats={
      Object {
        "2004": 0.296,
        "2005": 0.343,
        "2006": 0.266,
        "2007": 0.303,
        "2008": 0.432,
        "2009": 0.3,
        "2010": 0.28,
        "2011": 0.24,
        "2012": 0.395,
        "2013": 0.558,
        "2014": 0.543,
      }
    }
  />
  <Card
    handleCompareSelections={[Function]}
    key="0.585112182613686"
    location="KIM REORGANIZED 88"
    stats={
      Object {
        "2004": 1,
        "2005": 1,
        "2006": 1,
        "2007": 1,
        "2008": 1,
        "2009": 1,
        "2010": 1,
        "2011": 1,
        "2012": 1,
        "2013": 1,
        "2014": 1,
      }
    }
  />
  <Card
    handleCompareSelections={[Function]}
    key="0.7215857411172666"
    location="KIOWA C-2"
    stats={
      Object {
        "2004": 0,
        "2005": 0,
        "2006": 0,
        "2007": 0,
        "2008": 1,
        "2009": 1,
        "2010": 1,
        "2011": 1,
        "2012": 1,
        "2013": 1,
        "2014": 1,
      }
    }
  />
  <Card
    handleCompareSelections={[Function]}
    key="0.8914540701181657"
    location="KIT CARSON R-1"
    stats={
      Object {
        "2004": 0,
        "2005": 0,
        "2006": 0,
        "2007": 0.286,
        "2008": 1,
        "2009": 0,
        "2010": 0,
        "2011": 0,
        "2012": 0,
        "2013": 0,
        "2014": 0,
      }
    }
  />
  <Card
    handleCompareSelections={[Function]}
    key="0.37600061537402385"
    location="LA VETA RE-2"
    stats={
      Object {
        "2004": 0,
        "2005": 1,
        "2006": 0,
        "2007": 0,
        "2008": 1,
        "2009": 1,
        "2010": 1,
        "2011": 1,
        "2012": 1,
        "2013": 1,
        "2014": 1,
      }
    }
  />
  <Card
    handleCompareSelections={[Function]}
    key="0.7937148134519256"
    location="LAKE COUNTY R-1"
    stats={
      Object {
        "2004": 0.3,
        "2005": 0.333,
        "2006": 0.341,
        "2007": 0.286,
        "2008": 1,
        "2009": 1,
        "2010": 1,
        "2011": 1,
        "2012": 1,
        "2013": 1,
        "2014": 1,
      }
    }
  />
  <Card
    handleCompareSelections={[Function]}
    key="0.8980221029242461"
    location="LAMAR RE-2"
    stats={
      Object {
        "2004": 0.87,
        "2005": 1,
        "2006": 1,
        "2007": 1,
        "2008": 1,
        "2009": 1,
        "2010": 1,
        "2011": 1,
        "2012": 1,
        "2013": 1,
        "2014": 1,
      }
    }
  />
  <Card
    handleCompareSelections={[Function]}
    key="0.395341211163589"
    location="LAS ANIMAS RE-1"
    stats={
      Object {
        "2004": 1,
        "2005": 1,
        "2006": 1,
        "2007": 1,
        "2008": 1,
        "2009": 1,
        "2010": 1,
        "2011": 1,
        "2012": 1,
        "2013": 1,
        "2014": 1,
      }
    }
  />
  <Card
    handleCompareSelections={[Function]}
    key="0.1589814627758317"
    location="LEWIS-PALMER 38"
    stats={
      Object {
        "2004": 0,
        "2005": 0,
        "2006": 0,
        "2007": 0,
        "2008": 0.479,
        "2009": 0.45,
        "2010": 0.535,
        "2011": 0.561,
        "2012": 0.477,
        "2013": 0.544,
        "2014": 0.558,
      }
    }
  />
  <Card
    handleCompareSelections={[Function]}
    key="0.3542439302031646"
    location="LIBERTY SCHOOL DISTRICT J-4"
    stats={
      Object {
        "2004": 1,
        "2005": 1,
        "2006": 1,
        "2007": 1,
        "2008": 1,
        "2009": 1,
        "2010": 1,
        "2011": 1,
        "2012": 1,
        "2013": 1,
        "2014": 1,
      }
    }
  />
  <Card
    handleCompareSelections={[Function]}
    key="0.6821654434895925"
    location="LIMON RE-4J"
    stats={
      Object {
        "2004": 0,
        "2005": 0,
        "2006": 0,
        "2007": 0,
        "2008": 0,
        "2009": 1,
        "2010": 1,
        "2011": 1,
        "2012": 1,
        "2013": 0,
        "2014": 0,
      }
    }
  />
  <Card
    handleCompareSelections={[Function]}
    key="0.6013686372010711"
    location="LITTLETON 6"
    stats={
      Object {
        "2004": 0,
        "2005": 0,
        "2006": 0,
        "2007": 0.605,
        "2008": 0.363,
        "2009": 0.33,
        "2010": 0.327,
        "2011": 0.334,
        "2012": 0.336,
        "2013": 0.38,
        "2014": 0.383,
      }
    }
  />
  <Card
    handleCompareSelections={[Function]}
    key="0.44223338875562024"
    location="LONE STAR 101"
    stats={
      Object {
        "2004": 1,
        "2005": 1,
        "2006": 1,
        "2007": 1,
        "2008": 1,
        "2009": 1,
        "2010": 1,
        "2011": 1,
        "2012": 1,
        "2013": 1,
        "2014": 1,
      }
    }
  />
  <Card
    handleCompareSelections={[Function]}
    key="0.5884981435975458"
    location="MANCOS RE-6"
    stats={
      Object {
        "2004": 0,
        "2005": 1,
        "2006": 1,
        "2007": 1,
        "2008": 1,
        "2009": 1,
        "2010": 0.955,
        "2011": 1,
        "2012": 1,
        "2013": 1,
        "2014": 1,
      }
    }
  />
  <Card
    handleCompareSelections={[Function]}
    key="0.3593360379281165"
    location="MANITOU SPRINGS 14"
    stats={
      Object {
        "2004": 0.014,
        "2005": 0.296,
        "2006": 0.459,
        "2007": 1,
        "2008": 1,
        "2009": 1,
        "2010": 1,
        "2011": 1,
        "2012": 1,
        "2013": 1,
        "2014": 1,
      }
    }
  />
  <Card
    handleCompareSelections={[Function]}
    key="0.14493874973437082"
    location="MANZANOLA 3J"
    stats={
      Object {
        "2004": 0.952,
        "2005": 0.929,
        "2006": 1,
        "2007": 1,
        "2008": 1,
        "2009": 1,
        "2010": 1,
        "2011": 1,
        "2012": 1,
        "2013": 1,
        "2014": 1,
      }
    }
  />
  <Card
    handleCompareSelections={[Function]}
    key="0.8756959618761877"
    location="MAPLETON 1"
    stats={
      Object {
        "2004": 0.067,
        "2005": 0.066,
        "2006": 0.064,
        "2007": 0.068,
        "2008": 0.349,
        "2009": 0.46,
        "2010": 0.596,
        "2011": 0.773,
        "2012": 0.83,
        "2013": 1,
        "2014": 1,
      }
    }
  />
  <Card
    handleCompareSelections={[Function]}
    key="0.3546017550378524"
    location="MC CLAVE RE-2"
    stats={
      Object {
        "2004": 0,
        "2005": 1,
        "2006": 1,
        "2007": 1,
        "2008": 1,
        "2009": 1,
        "2010": 1,
        "2011": 1,
        "2012": 1,
        "2013": 1,
        "2014": 1,
      }
    }
  />
  <Card
    handleCompareSelections={[Function]}
    key="0.29574897196657246"
    location="MEEKER RE1"
    stats={
      Object {
        "2004": 0,
        "2005": 0,
        "2006": 0,
        "2007": 0,
        "2008": 0,
        "2009": 0,
        "2010": 0.875,
        "2011": 0,
        "2012": 0,
        "2013": 0,
        "2014": 0,
      }
    }
  />
  <Card
    handleCompareSelections={[Function]}
    key="0.34323783127558793"
    location="MESA COUNTY VALLEY 51"
    stats={
      Object {
        "2004": 0.307,
        "2005": 0.305,
        "2006": 0.255,
        "2007": 0.245,
        "2008": 0.262,
        "2009": 0.18,
        "2010": 0.182,
        "2011": 0.224,
        "2012": 0.198,
        "2013": 0.179,
        "2014": 0.482,
      }
    }
  />
  <Card
    handleCompareSelections={[Function]}
    key="0.434123596202735"
    location="MIAMI/YODER 60 JT"
    stats={
      Object {
        "2004": 1,
        "2005": 1,
        "2006": 1,
        "2007": 1,
        "2008": 1,
        "2009": 1,
        "2010": 1,
        "2011": 1,
        "2012": 1,
        "2013": 1,
        "2014": 1,
      }
    }
  />
  <Card
    handleCompareSelections={[Function]}
    key="0.1490638339899737"
    location="MOFFAT 2"
    stats={
      Object {
        "2004": 0.014,
        "2005": 0.08,
        "2006": 0.081,
        "2007": 0.085,
        "2008": 0.129,
        "2009": 1,
        "2010": 1,
        "2011": 1,
        "2012": 1,
        "2013": 1,
        "2014": 1,
      }
    }
  />
  <Card
    handleCompareSelections={[Function]}
    key="0.7981050115528072"
    location="MOFFAT COUNTY RE:NO 1"
    stats={
      Object {
        "2004": 0,
        "2005": 0,
        "2006": 0,
        "2007": 0,
        "2008": 1,
        "2009": 0.99,
        "2010": 1,
        "2011": 0.995,
        "2012": 1,
        "2013": 1,
        "2014": 1,
      }
    }
  />
  <Card
    handleCompareSelections={[Function]}
    key="0.48504127757635396"
    location="MONTE VISTA C-8"
    stats={
      Object {
        "2004": 1,
        "2005": 1,
        "2006": 1,
        "2007": 1,
        "2008": 1,
        "2009": 1,
        "2010": 1,
        "2011": 1,
        "2012": 1,
        "2013": 1,
        "2014": 1,
      }
    }
  />
  <Card
    handleCompareSelections={[Function]}
    key="0.7020051432328132"
    location="MONTEZUMA-CORTEZ RE-1"
    stats={
      Object {
        "2004": 0,
        "2005": 0,
        "2006": 0,
        "2007": 0,
        "2008": 0.082,
        "2009": 0.11,
        "2010": 0.095,
        "2011": 0.105,
        "2012": 0.096,
        "2013": 0.106,
        "2014": 0.41,
      }
    }
  />
  <Card
    handleCompareSelections={[Function]}
    key="0.4928403223575648"
    location="MONTROSE COUNTY RE-1J"
    stats={
      Object {
        "2004": 0,
        "2005": 0,
        "2006": 0,
        "2007": 0.057,
        "2008": 0.182,
        "2009": 0.27,
        "2010": 0.317,
        "2011": 0.461,
        "2012": 0.525,
        "2013": 0.593,
        "2014": 0.776,
      }
    }
  />
  <Card
    handleCompareSelections={[Function]}
    key="0.9359431056420335"
    location="MOUNTAIN VALLEY RE 1"
    stats={
      Object {
        "2004": 1,
        "2005": 1,
        "2006": 0,
        "2007": 1,
        "2008": 1,
        "2009": 1,
        "2010": 1,
        "2011": 1,
        "2012": 1,
        "2013": 1,
        "2014": 1,
      }
    }
  />
  <Card
    handleCompareSelections={[Function]}
    key="0.7347532257814633"
    location="NORTH CONEJOS RE-1J"
    stats={
      Object {
        "2004": 1,
        "2005": 0,
        "2006": 0,
        "2007": 0.273,
        "2008": 0,
        "2009": 1,
        "2010": 1,
        "2011": 1,
        "2012": 1,
        "2013": 1,
        "2014": 1,
      }
    }
  />
  <Card
    handleCompareSelections={[Function]}
    key="0.09224083384296566"
    location="NORTH PARK R-1"
    stats={
      Object {
        "2004": 1,
        "2005": 1,
        "2006": 1,
        "2007": 1,
        "2008": 0.684,
        "2009": 0.94,
        "2010": 0.857,
        "2011": 0.9,
        "2012": 0.938,
        "2013": 1,
        "2014": 1,
      }
    }
  />
  <Card
    handleCompareSelections={[Function]}
    key="0.20071281174745081"
    location="NORTHGLENN-THORNTON 12"
    stats={
      Object {
        "2004": 0.329,
        "2005": 0.35,
        "2006": 0.403,
        "2007": 0.398,
        "2008": 0.478,
        "2009": 0.42,
        "2010": 0.468,
        "2011": 0.507,
        "2012": 0.583,
        "2013": 0.605,
        "2014": 0.602,
      }
    }
  />
  <Card
    handleCompareSelections={[Function]}
    key="0.855163654335855"
    location="NORWOOD R-2J"
    stats={
      Object {
        "2004": 0,
        "2005": 0,
        "2006": 0,
        "2007": 0,
        "2008": 0,
        "2009": 0.7,
        "2010": 0,
        "2011": 0,
        "2012": 0,
        "2013": 0,
        "2014": 1,
      }
    }
  />
  <Card
    handleCompareSelections={[Function]}
    key="0.6442182589962344"
    location="OTIS R-3"
    stats={
      Object {
        "2004": 1,
        "2005": 1,
        "2006": 1,
        "2007": 1,
        "2008": 1,
        "2009": 1,
        "2010": 1,
        "2011": 1,
        "2012": 1,
        "2013": 1,
        "2014": 1,
      }
    }
  />
  <Card
    handleCompareSelections={[Function]}
    key="0.5996753209161956"
    location="OURAY R-1"
    stats={
      Object {
        "2004": 0,
        "2005": 0,
        "2006": 0,
        "2007": 1,
        "2008": 1,
        "2009": 1,
        "2010": 1,
        "2011": 1,
        "2012": 1,
        "2013": 1,
        "2014": 1,
      }
    }
  />
  <Card
    handleCompareSelections={[Function]}
    key="0.892991295372159"
    location="PARK (ESTES PARK) R-3"
    stats={
      Object {
        "2004": 0.462,
        "2005": 0,
        "2006": 0,
        "2007": 1,
        "2008": 1,
        "2009": 1,
        "2010": 1,
        "2011": 1,
        "2012": 1,
        "2013": 1,
        "2014": 0.966,
      }
    }
  />
  <Card
    handleCompareSelections={[Function]}
    key="0.6378778991533569"
    location="PARK COUNTY RE-2"
    stats={
      Object {
        "2004": 0.339,
        "2005": 0,
        "2006": 0,
        "2007": 0.204,
        "2008": 0.264,
        "2009": 0.36,
        "2010": 0.19,
        "2011": 0.357,
        "2012": 0.308,
        "2013": 0.438,
        "2014": 0.625,
      }
    }
  />
  <Card
    handleCompareSelections={[Function]}
    key="0.6605489072171173"
    location="PAWNEE RE-12"
    stats={
      Object {
        "2004": 0,
        "2005": 0,
        "2006": 1,
        "2007": 1,
        "2008": 0,
        "2009": 1,
        "2010": 1,
        "2011": 1,
        "2012": 1,
        "2013": 1,
        "2014": 1,
      }
    }
  />
  <Card
    handleCompareSelections={[Function]}
    key="0.5263698683633888"
    location="PEYTON 23 JT"
    stats={
      Object {
        "2004": 0,
        "2005": 0,
        "2006": 0,
        "2007": 1,
        "2008": 1,
        "2009": 1,
        "2010": 1,
        "2011": 1,
        "2012": 1,
        "2013": 1,
        "2014": 1,
      }
    }
  />
  <Card
    handleCompareSelections={[Function]}
    key="0.34286196225109666"
    location="PLAINVIEW RE-2"
    stats={
      Object {
        "2004": 0,
        "2005": 0,
        "2006": 1,
        "2007": 1,
        "2008": 1,
        "2009": 1,
        "2010": 1,
        "2011": 1,
        "2012": 1,
        "2013": 1,
        "2014": 1,
      }
    }
  />
  <Card
    handleCompareSelections={[Function]}
    key="0.5344705254031057"
    location="PLATEAU RE-5"
    stats={
      Object {
        "2004": 1,
        "2005": 0,
        "2006": 1,
        "2007": 1,
        "2008": 1,
        "2009": 1,
        "2010": 1,
        "2011": 1,
        "2012": 1,
        "2013": 1,
        "2014": 1,
      }
    }
  />
  <Card
    handleCompareSelections={[Function]}
    key="0.6202591124363133"
    location="PLATEAU VALLEY 50"
    stats={
      Object {
        "2004": 0,
        "2005": 0,
        "2006": 0,
        "2007": 0,
        "2008": 0,
        "2009": 1,
        "2010": 1,
        "2011": 1,
        "2012": 1,
        "2013": 1,
        "2014": 1,
      }
    }
  />
  <Card
    handleCompareSelections={[Function]}
    key="0.461720391776939"
    location="PLATTE CANYON 1"
    stats={
      Object {
        "2004": 0.229,
        "2005": 0.247,
        "2006": 0.787,
        "2007": 0.423,
        "2008": 0.989,
        "2009": 1,
        "2010": 1,
        "2011": 1,
        "2012": 1,
        "2013": 1,
        "2014": 1,
      }
    }
  />
  <Card
    handleCompareSelections={[Function]}
    key="0.8582022186449281"
    location="PLATTE VALLEY RE-3"
    stats={
      Object {
        "2004": 0,
        "2005": 0,
        "2006": 1,
        "2007": 1,
        "2008": 1,
        "2009": 1,
        "2010": 1,
        "2011": 1,
        "2012": 1,
        "2013": 1,
        "2014": 1,
      }
    }
  />
  <Card
    handleCompareSelections={[Function]}
    key="0.7139349805584987"
    location="PLATTE VALLEY RE-7"
    stats={
      Object {
        "2004": 0,
        "2005": 0,
        "2006": 1,
        "2007": 1,
        "2008": 1,
        "2009": 1,
        "2010": 1,
        "2011": 1,
        "2012": 1,
        "2013": 1,
        "2014": 1,
      }
    }
  />
  <Card
    handleCompareSelections={[Function]}
    key="0.7581467613671602"
    location="POUDRE R-1"
    stats={
      Object {
        "2004": 0,
        "2005": 0.484,
        "2006": 0.474,
        "2007": 0.521,
        "2008": 0.587,
        "2009": 0.65,
        "2010": 0.661,
        "2011": 0.695,
        "2012": 0.706,
        "2013": 0.732,
        "2014": 0.762,
      }
    }
  />
  <Card
    handleCompareSelections={[Function]}
    key="0.5870917404463369"
    location="PRAIRIE RE-11"
    stats={
      Object {
        "2004": 1,
        "2005": 0,
        "2006": 0,
        "2007": 1,
        "2008": 1,
        "2009": 0,
        "2010": 0,
        "2011": 0,
        "2012": 0,
        "2013": 0,
        "2014": 0,
      }
    }
  />
  <Card
    handleCompareSelections={[Function]}
    key="0.9612023350876724"
    location="PRIMERO REORGANIZED 2"
    stats={
      Object {
        "2004": 0,
        "2005": 0,
        "2006": 0,
        "2007": 0,
        "2008": 0,
        "2009": 1,
        "2010": 1,
        "2011": 1,
        "2012": 1,
        "2013": 1,
        "2014": 1,
      }
    }
  />
  <Card
    handleCompareSelections={[Function]}
    key="0.6840693555200394"
    location="PRITCHETT RE-3"
    stats={
      Object {
        "2004": 1,
        "2005": 1,
        "2006": 1,
        "2007": 1,
        "2008": 0,
        "2009": 1,
        "2010": 1,
        "2011": 1,
        "2012": 1,
        "2013": 1,
        "2014": 1,
      }
    }
  />
  <Card
    handleCompareSelections={[Function]}
    key="0.5099792285578801"
    location="PUEBLO CITY 60"
    stats={
      Object {
        "2004": 0.275,
        "2005": 0.335,
        "2006": 0.482,
        "2007": 0.621,
        "2008": 0.841,
        "2009": 0.85,
        "2010": 0.954,
        "2011": 0.961,
        "2012": 1,
        "2013": 1,
        "2014": 1,
      }
    }
  />
  <Card
    handleCompareSelections={[Function]}
    key="0.2975329777989102"
    location="PUEBLO COUNTY RURAL 70"
    stats={
      Object {
        "2004": 0,
        "2005": 0.063,
        "2006": 0.174,
        "2007": 0.252,
        "2008": 0.268,
        "2009": 0.4,
        "2010": 0.289,
        "2011": 0.453,
        "2012": 0.997,
        "2013": 1,
        "2014": 1,
      }
    }
  />
  <Card
    handleCompareSelections={[Function]}
    key="0.7772524340465812"
    location="RANGELY RE-4"
    stats={
      Object {
        "2004": 0,
        "2005": 0,
        "2006": 0,
        "2007": 0,
        "2008": 0,
        "2009": 0,
        "2010": 0,
        "2011": 0,
        "2012": 0,
        "2013": 0,
        "2014": 0,
      }
    }
  />
  <Card
    handleCompareSelections={[Function]}
    key="0.9499069991130651"
    location="RIDGWAY R-2"
    stats={
      Object {
        "2004": 0,
        "2005": 0,
        "2006": 1,
        "2007": 1,
        "2008": 1,
        "2009": 1,
        "2010": 0.931,
        "2011": 0.92,
        "2012": 0.824,
        "2013": 0.957,
        "2014": 0.714,
      }
    }
  />
  <Card
    handleCompareSelections={[Function]}
    key="0.08400869588303239"
    location="ROARING FORK RE-1"
    stats={
      Object {
        "2004": 0.672,
        "2005": 0.619,
        "2006": 0.693,
        "2007": 0.744,
        "2008": 0.77,
        "2009": 0.72,
        "2010": 0.674,
        "2011": 0.667,
        "2012": 0.697,
        "2013": 0.823,
        "2014": 0.88,
      }
    }
  />
  <Card
    handleCompareSelections={[Function]}
    key="0.7149698864355609"
    location="ROCKY FORD R-2"
    stats={
      Object {
        "2004": 0.172,
        "2005": 1,
        "2006": 1,
        "2007": 1,
        "2008": 1,
        "2009": 1,
        "2010": 1,
        "2011": 1,
        "2012": 1,
        "2013": 1,
        "2014": 1,
      }
    }
  />
  <Card
    handleCompareSelections={[Function]}
    key="0.2002221877260686"
    location="SALIDA R-32"
    stats={
      Object {
        "2004": 0.222,
        "2005": 0.246,
        "2006": 0.367,
        "2007": 0.523,
        "2008": 0.707,
        "2009": 0.6,
        "2010": 0.645,
        "2011": 0.56,
        "2012": 0.976,
        "2013": 0.968,
        "2014": 0.98,
      }
    }
  />
  <Card
    handleCompareSelections={[Function]}
    key="0.03440350829966721"
    location="SANFORD 6J"
    stats={
      Object {
        "2004": 1,
        "2005": 1,
        "2006": 1,
        "2007": 1,
        "2008": 1,
        "2009": 1,
        "2010": 1,
        "2011": 1,
        "2012": 1,
        "2013": 1,
        "2014": 1,
      }
    }
  />
  <Card
    handleCompareSelections={[Function]}
    key="0.8722075090611978"
    location="SANGRE DE CRISTO RE-22J"
    stats={
      Object {
        "2004": 1,
        "2005": 1,
        "2006": 1,
        "2007": 1,
        "2008": 1,
        "2009": 1,
        "2010": 1,
        "2011": 1,
        "2012": 1,
        "2013": 1,
        "2014": 1,
      }
    }
  />
  <Card
    handleCompareSelections={[Function]}
    key="0.9655815492454751"
    location="SARGENT RE-33J"
    stats={
      Object {
        "2004": 1,
        "2005": 1,
        "2006": 1,
        "2007": 1,
        "2008": 1,
        "2009": 1,
        "2010": 1,
        "2011": 1,
        "2012": 1,
        "2013": 1,
        "2014": 1,
      }
    }
  />
  <Card
    handleCompareSelections={[Function]}
    key="0.13407062487118537"
    location="SHERIDAN 2"
    stats={
      Object {
        "2004": 1,
        "2005": 1,
        "2006": 1,
        "2007": 1,
        "2008": 1,
        "2009": 1,
        "2010": 1,
        "2011": 1,
        "2012": 1,
        "2013": 1,
        "2014": 1,
      }
    }
  />
  <Card
    handleCompareSelections={[Function]}
    key="0.056437357817155975"
    location="SIERRA GRANDE R-30"
    stats={
      Object {
        "2004": 1,
        "2005": 1,
        "2006": 1,
        "2007": 1,
        "2008": 1,
        "2009": 1,
        "2010": 1,
        "2011": 1,
        "2012": 1,
        "2013": 1,
        "2014": 1,
      }
    }
  />
  <Card
    handleCompareSelections={[Function]}
    key="0.2841405413741407"
    location="SILVERTON 1"
    stats={
      Object {
        "2004": 0,
        "2005": 0,
        "2006": 0,
        "2007": 0,
        "2008": 1,
        "2009": 0,
        "2010": 0,
        "2011": 0,
        "2012": 0,
        "2013": 0,
        "2014": 0,
      }
    }
  />
  <Card
    handleCompareSelections={[Function]}
    key="0.49568928846778526"
    location="SOUTH CONEJOS RE-10"
    stats={
      Object {
        "2004": 1,
        "2005": 1,
        "2006": 1,
        "2007": 1,
        "2008": 1,
        "2009": 1,
        "2010": 1,
        "2011": 1,
        "2012": 1,
        "2013": 1,
        "2014": 1,
      }
    }
  />
  <Card
    handleCompareSelections={[Function]}
    key="0.16529775269545777"
    location="SOUTH ROUTT RE 3"
    stats={
      Object {
        "2004": 1,
        "2005": 1,
        "2006": 1,
        "2007": 1,
        "2008": 1,
        "2009": 1,
        "2010": 1,
        "2011": 1,
        "2012": 1,
        "2013": 1,
        "2014": 1,
      }
    }
  />
  <Card
    handleCompareSelections={[Function]}
    key="0.24565453623570277"
    location="SPRINGFIELD RE-4"
    stats={
      Object {
        "2004": 1,
        "2005": 1,
        "2006": 0,
        "2007": 1,
        "2008": 1,
        "2009": 1,
        "2010": 1,
        "2011": 1,
        "2012": 1,
        "2013": 1,
        "2014": 1,
      }
    }
  />
  <Card
    handleCompareSelections={[Function]}
    key="0.7444503138708545"
    location="ST VRAIN VALLEY RE 1J"
    stats={
      Object {
        "2004": 0.182,
        "2005": 0.221,
        "2006": 0.267,
        "2007": 0.384,
        "2008": 0.493,
        "2009": 0.57,
        "2010": 0.616,
        "2011": 0.641,
        "2012": 0.618,
        "2013": 0.639,
        "2014": 0.669,
      }
    }
  />
  <Card
    handleCompareSelections={[Function]}
    key="0.31277521794102503"
    location="STEAMBOAT SPRINGS RE-2"
    stats={
      Object {
        "2004": 0,
        "2005": 0,
        "2006": 0,
        "2007": 0,
        "2008": 0.506,
        "2009": 0.88,
        "2010": 0.789,
        "2011": 0.842,
        "2012": 0.826,
        "2013": 0.805,
        "2014": 0.911,
      }
    }
  />
  <Card
    handleCompareSelections={[Function]}
    key="0.06459385157481967"
    location="STRASBURG 31J"
    stats={
      Object {
        "2004": 0.016,
        "2005": 0,
        "2006": 0,
        "2007": 1,
        "2008": 1,
        "2009": 1,
        "2010": 1,
        "2011": 1,
        "2012": 1,
        "2013": 1,
        "2014": 1,
      }
    }
  />
  <Card
    handleCompareSelections={[Function]}
    key="0.10727711259496164"
    location="STRATTON R-4"
    stats={
      Object {
        "2004": 0.353,
        "2005": 1,
        "2006": 0.087,
        "2007": 0,
        "2008": 1,
        "2009": 1,
        "2010": 1,
        "2011": 1,
        "2012": 1,
        "2013": 1,
        "2014": 1,
      }
    }
  />
  <Card
    handleCompareSelections={[Function]}
    key="0.05958843658444457"
    location="SUMMIT RE-1"
    stats={
      Object {
        "2004": 0.619,
        "2005": 0.85,
        "2006": 0.833,
        "2007": 0.891,
        "2008": 1,
        "2009": 1,
        "2010": 1,
        "2011": 1,
        "2012": 0.996,
        "2013": 1,
        "2014": 1,
      }
    }
  />
  <Card
    handleCompareSelections={[Function]}
    key="0.16297271108464817"
    location="SWINK 33"
    stats={
      Object {
        "2004": 0,
        "2005": 0,
        "2006": 0,
        "2007": 0,
        "2008": 0,
        "2009": 0,
        "2010": 0,
        "2011": 1,
        "2012": 1,
        "2013": 1,
        "2014": 1,
      }
    }
  />
  <Card
    handleCompareSelections={[Function]}
    key="0.19661832735775842"
    location="TELLURIDE R-1"
    stats={
      Object {
        "2004": 0,
        "2005": 0,
        "2006": 0,
        "2007": 0,
        "2008": 0,
        "2009": 1,
        "2010": 1,
        "2011": 1,
        "2012": 1,
        "2013": 0,
        "2014": 0.164,
      }
    }
  />
  <Card
    handleCompareSelections={[Function]}
    key="0.5572565141097385"
    location="THOMPSON R-2J"
    stats={
      Object {
        "2004": 0.197,
        "2005": 0.151,
        "2006": 0.146,
        "2007": 0.325,
        "2008": 0.274,
        "2009": 0.3,
        "2010": 0.281,
        "2011": 0.403,
        "2012": 0.433,
        "2013": 0.534,
        "2014": 0.569,
      }
    }
  />
  <Card
    handleCompareSelections={[Function]}
    key="0.6403474484135698"
    location="TRINIDAD 1"
    stats={
      Object {
        "2004": 1,
        "2005": 1,
        "2006": 1,
        "2007": 1,
        "2008": 1,
        "2009": 1,
        "2010": 1,
        "2011": 1,
        "2012": 1,
        "2013": 1,
        "2014": 1,
      }
    }
  />
  <Card
    handleCompareSelections={[Function]}
    key="0.16380579552133145"
    location="VALLEY RE-1"
    stats={
      Object {
        "2004": 0,
        "2005": 0,
        "2006": 0,
        "2007": 0,
        "2008": 0,
        "2009": 0,
        "2010": 0.058,
        "2011": 0.09,
        "2012": 0.446,
        "2013": 0.544,
        "2014": 0.497,
      }
    }
  />
  <Card
    handleCompareSelections={[Function]}
    key="0.16959468765972363"
    location="VILAS RE-5"
    stats={
      Object {
        "2004": 1,
        "2005": 1,
        "2006": 1,
        "2007": 1,
        "2008": 1,
        "2009": 1,
        "2010": 1,
        "2011": 1,
        "2012": 1,
        "2013": 1,
        "2014": 1,
      }
    }
  />
  <Card
    handleCompareSelections={[Function]}
    key="0.1480250174972777"
    location="WALSH RE-1"
    stats={
      Object {
        "2004": 1,
        "2005": 1,
        "2006": 1,
        "2007": 1,
        "2008": 1,
        "2009": 1,
        "2010": 1,
        "2011": 1,
        "2012": 1,
        "2013": 1,
        "2014": 1,
      }
    }
  />
  <Card
    handleCompareSelections={[Function]}
    key="0.4342899863745022"
    location="WELD COUNTY RE-1"
    stats={
      Object {
        "2004": 1,
        "2005": 1,
        "2006": 1,
        "2007": 1,
        "2008": 1,
        "2009": 1,
        "2010": 1,
        "2011": 1,
        "2012": 1,
        "2013": 1,
        "2014": 1,
      }
    }
  />
  <Card
    handleCompareSelections={[Function]}
    key="0.09017274339167303"
    location="WELD COUNTY S/D RE-8"
    stats={
      Object {
        "2004": 0,
        "2005": 0.19,
        "2006": 0.13,
        "2007": 0.288,
        "2008": 0.686,
        "2009": 1,
        "2010": 1,
        "2011": 1,
        "2012": 1,
        "2013": 1,
        "2014": 1,
      }
    }
  />
  <Card
    handleCompareSelections={[Function]}
    key="0.7798329727692239"
    location="WELDON VALLEY RE-20(J)"
    stats={
      Object {
        "2004": 1,
        "2005": 1,
        "2006": 1,
        "2007": 1,
        "2008": 1,
        "2009": 1,
        "2010": 1,
        "2011": 1,
        "2012": 1,
        "2013": 0,
        "2014": 0,
      }
    }
  />
  <Card
    handleCompareSelections={[Function]}
    key="0.4812142591426247"
    location="WEST END RE-2"
    stats={
      Object {
        "2004": 0.118,
        "2005": 0.19,
        "2006": 0.2,
        "2007": 0.042,
        "2008": 0.115,
        "2009": 0.24,
        "2010": 0.143,
        "2011": 0.19,
        "2012": 1,
        "2013": 1,
        "2014": 1,
      }
    }
  />
  <Card
    handleCompareSelections={[Function]}
    key="0.908198323301475"
    location="WEST GRAND 1-JT"
    stats={
      Object {
        "2004": 1,
        "2005": 1,
        "2006": 1,
        "2007": 1,
        "2008": 1,
        "2009": 1,
        "2010": 1,
        "2011": 1,
        "2012": 1,
        "2013": 1,
        "2014": 1,
      }
    }
  />
  <Card
    handleCompareSelections={[Function]}
    key="0.35551201554848455"
    location="WEST YUMA COUNTY RJ-1"
    stats={
      Object {
        "2004": 0,
        "2005": 0,
        "2006": 0,
        "2007": 0,
        "2008": 0,
        "2009": 0,
        "2010": 0,
        "2011": 0,
        "2012": 0,
        "2013": 0,
        "2014": 0,
      }
    }
  />
  <Card
    handleCompareSelections={[Function]}
    key="0.31228517416037205"
    location="WESTMINSTER 50"
    stats={
      Object {
        "2004": 0,
        "2005": 0,
        "2006": 0,
        "2007": 0.044,
        "2008": 0,
        "2009": 0.91,
        "2010": 0.915,
        "2011": 0.993,
        "2012": 1,
        "2013": 1,
        "2014": 1,
      }
    }
  />
  <Card
    handleCompareSelections={[Function]}
    key="0.12330003852042082"
    location="WIDEFIELD 3"
    stats={
      Object {
        "2004": 0.487,
        "2005": 0.458,
        "2006": 0.471,
        "2007": 0.498,
        "2008": 0.996,
        "2009": 1,
        "2010": 1,
        "2011": 1,
        "2012": 0.996,
        "2013": 0.999,
        "2014": 0.995,
      }
    }
  />
  <Card
    handleCompareSelections={[Function]}
    key="0.715865115396296"
    location="WIGGINS RE-50(J)"
    stats={
      Object {
        "2004": 1,
        "2005": 1,
        "2006": 1,
        "2007": 1,
        "2008": 1,
        "2009": 1,
        "2010": 1,
        "2011": 1,
        "2012": 1,
        "2013": 1,
        "2014": 1,
      }
    }
  />
  <Card
    handleCompareSelections={[Function]}
    key="0.4120284094617206"
    location="WILEY RE-13 JT"
    stats={
      Object {
        "2004": 0.375,
        "2005": 1,
        "2006": 1,
        "2007": 1,
        "2008": 1,
        "2009": 1,
        "2010": 1,
        "2011": 1,
        "2012": 1,
        "2013": 1,
        "2014": 1,
      }
    }
  />
  <Card
    handleCompareSelections={[Function]}
    key="0.6095444937403502"
    location="WINDSOR RE-4"
    stats={
      Object {
        "2004": 0,
        "2005": 0,
        "2006": 0,
        "2007": 0.076,
        "2008": 0.463,
        "2009": 0.56,
        "2010": 0.51,
        "2011": 0.5,
        "2012": 0.501,
        "2013": 0.548,
        "2014": 0.547,
      }
    }
  />
  <Card
    handleCompareSelections={[Function]}
    key="0.9064654771000686"
    location="WOODLAND PARK RE-2"
    stats={
      Object {
        "2004": 0,
        "2005": 0.006,
        "2006": 0,
        "2007": 0,
        "2008": 0,
        "2009": 1,
        "2010": 1,
        "2011": 1,
        "2012": 1,
        "2013": 1,
        "2014": 1,
      }
    }
  />
  <Card
    handleCompareSelections={[Function]}
    key="0.6049284116722893"
    location="WOODLIN R-104"
    stats={
      Object {
        "2004": 1,
        "2005": 0.714,
        "2006": 1,
        "2007": 1,
        "2008": 1,
        "2009": 1,
        "2010": 1,
        "2011": 1,
        "2012": 1,
        "2013": 1,
        "2014": 1,
      }
    }
  />
  <Card
    handleCompareSelections={[Function]}
    key="0.442986696985034"
    location="WRAY SCHOOL DISTRICT RD-2"
    stats={
      Object {
        "2004": 1,
        "2005": 1,
        "2006": 1,
        "2007": 1,
        "2008": 1,
        "2009": 1,
        "2010": 1,
        "2011": 1,
        "2012": 1,
        "2013": 1,
        "2014": 1,
      }
    }
  />
  <Card
    handleCompareSelections={[Function]}
    key="0.2158891705249606"
    location="YUMA SCHOOL DISTRICT 1"
    stats={
      Object {
        "2004": 0,
        "2005": 1,
        "2006": 1,
        "2007": 1,
        "2008": 1,
        "2009": 1,
        "2010": 1,
        "2011": 1,
        "2012": 1,
        "2013": 1,
        "2014": 1,
      }
    }
  />
</div>
`;
