// Jest Snapshot v1, https://goo.gl/fbAQLP

exports[`Card should match snapshot with all html elements rendered with correct data 1`] = `
<div
  className="card"
  onClick={[Function]}
>
  <h1>
    COLORADO
  </h1>
  <ul>
    <li
      className="green"
      key="0.7777234738284875"
    >
      2012
      : 
      1
    </li>
    <li
      className="green"
      key="0.15964894080555192"
    >
      2013
      : 
      1
    </li>
    <li
      className="red"
      key="0.7816532138518022"
    >
      2014
      : 
      0
    </li>
    <li
      className="green"
      key="0.9523854510442538"
    >
      2015
      : 
      0.552
    </li>
  </ul>
</div>
`;
