// Jest Snapshot v1, https://goo.gl/fbAQLP

exports[`Card should match snapshot with all html elements rendered with correct data 1`] = `
<div
  className="card"
  onClick={[Function]}
>
  <h1>
    COLORADO
  </h1>
  <ul>
    <li
      className="green"
      key="0.5820427475701166"
    >
      2012
      : 
      1
    </li>
    <li
      className="green"
      key="0.4151093458805002"
    >
      2013
      : 
      1
    </li>
    <li
      className="red"
      key="0.9456458212112984"
    >
      2014
      : 
      0
    </li>
    <li
      className="green"
      key="0.16238363033704073"
    >
      2015
      : 
      0.552
    </li>
  </ul>
</div>
`;
