// Jest Snapshot v1, https://goo.gl/fbAQLP

exports[`Compare Card should match snapshot with all html elements rendered with correct data 1`] = `
<div
  className="compare-card"
  onClick={[Function]}
>
  <h1>
    COLORADO
  </h1>
  <ul>
    <li
      className="green"
      key="0.05849410722086534"
    >
      2012
      : 
      1
    </li>
    <li
      className="green"
      key="0.645597746553153"
    >
      2013
      : 
      1
    </li>
    <li
      className="red"
      key="0.6863653839653101"
    >
      2014
      : 
      0
    </li>
    <li
      className="green"
      key="0.5964135620345532"
    >
      2015
      : 
      0.552
    </li>
  </ul>
</div>
`;
