// Jest Snapshot v1, https://goo.gl/fbAQLP

exports[`Compare Card Container should match snapshot with all html elements rendered with correct data 1`] = `
<div
  className="compare-container"
>
  <Component
    className="compare-card"
    key="0.4746523506848903"
    location="ADAMS COUNTY 14"
    removeCompareSelections={[Function]}
    stats={
      Object {
        "2004": 0.228,
        "2005": 0.3,
        "2006": 0.293,
        "2007": 0.306,
        "2008": 0.673,
        "2009": 1,
        "2010": 1,
        "2011": 1,
        "2012": 1,
        "2013": 0.998,
        "2014": 1,
      }
    }
  />
  <div
    className="comparison-section"
  >
    <h1>
      COMPARE AVERAGES
    </h1>
    <h1>
      ADAMS COUNTY 14
      : 
      0.709
    </h1>
    <h1
      className="compared"
    >
      COMPARED: 
      <br />
      ---- 
      1.338
       ----
    </h1>
    <h1>
      COLORADO
      : 
      0.53
    </h1>
  </div>
  <Component
    className="compare-card"
    key="0.7812371144401371"
    location="COLORADO"
    removeCompareSelections={[Function]}
    stats={
      Object {
        "2004": 0.24,
        "2005": 0.278,
        "2006": 0.337,
        "2007": 0.395,
        "2008": 0.536,
        "2009": 0.598,
        "2010": 0.64,
        "2011": 0.672,
        "2012": 0.695,
        "2013": 0.703,
        "2014": 0.741,
      }
    }
  />
</div>
`;
