// Jest Snapshot v1, https://goo.gl/fbAQLP

exports[`App should match snapshot with all html elements rendered correctly 1`] = `
<div>
  <hr />
  <div
    className="header"
  >
    <h1
      className="title"
    >
      HeadCount 3.0
    </h1>
    <p
      className="heading"
    >
      Search test scores by school district or compare two school districts by clicking on them
    </p>
    <SearchInput
      filterCards={[Function]}
    />
  </div>
  <Component
    compareDistrictAverages={[Function]}
    compareSchoolSelections={Array []}
    findAllMatches={[Function]}
    removeCompareSelections={[Function]}
  />
  <Component
    findAllMatches={[Function]}
    handleCompareSelections={[Function]}
  />
</div>
`;
